Archive member included to satisfy reference by file (symbol)

c:/program files (x86)/atmel/studio/7.0/toolchain/avr8/avr8-gnu-toolchain/bin/../lib/gcc/avr/5.4.0/avr5\libgcc.a(_divmodhi4.o)
                              Blink_LEDs_Tasks.o (__divmodhi4)
c:/program files (x86)/atmel/studio/7.0/toolchain/avr8/avr8-gnu-toolchain/bin/../lib/gcc/avr/5.4.0/avr5\libgcc.a(_exit.o)
                              C:/Program Files (x86)/Atmel/Studio/7.0/Packs/atmel/ATmega_DFP/1.0.106/gcc/dev/atmega328p/avr5/crtatmega328p.o (exit)
c:/program files (x86)/atmel/studio/7.0/toolchain/avr8/avr8-gnu-toolchain/bin/../lib/gcc/avr/5.4.0/avr5\libgcc.a(_copy_data.o)
                              FreeRTOS_Source/source/portable/heap_1.o (__do_copy_data)
c:/program files (x86)/atmel/studio/7.0/toolchain/avr8/avr8-gnu-toolchain/bin/../lib/gcc/avr/5.4.0/avr5\libgcc.a(_clear_bss.o)
                              FreeRTOS_Source/source/croutine.o (__do_clear_bss)
c:/program files (x86)/atmel/studio/7.0/toolchain/avr8/avr8-gnu-toolchain/bin/../lib/gcc/avr/5.4.0/avr5\libgcc.a(_udivmodhi4.o)
                              c:/program files (x86)/atmel/studio/7.0/toolchain/avr8/avr8-gnu-toolchain/bin/../lib/gcc/avr/5.4.0/avr5\libgcc.a(_divmodhi4.o) (__udivmodhi4)
c:/program files (x86)/atmel/studio/7.0/toolchain/avr8/avr8-gnu-toolchain/bin/../lib/gcc/avr/5.4.0/../../../../avr/lib/avr5\libc.a(rand.o)
                              Blink_LEDs_Tasks.o (rand)
c:/program files (x86)/atmel/studio/7.0/toolchain/avr8/avr8-gnu-toolchain/bin/../lib/gcc/avr/5.4.0/../../../../avr/lib/avr5\libc.a(memcpy.o)
                              FreeRTOS_Source/source/queue.o (memcpy)
c:/program files (x86)/atmel/studio/7.0/toolchain/avr8/avr8-gnu-toolchain/bin/../lib/gcc/avr/5.4.0/../../../../avr/lib/avr5\libc.a(memset.o)
                              FreeRTOS_Source/source/tasks.o (memset)
c:/program files (x86)/atmel/studio/7.0/toolchain/avr8/avr8-gnu-toolchain/bin/../lib/gcc/avr/5.4.0/../../../../avr/lib/avr5\libc.a(strcpy.o)
                              FreeRTOS_Source/source/tasks.o (strcpy)
c:/program files (x86)/atmel/studio/7.0/toolchain/avr8/avr8-gnu-toolchain/bin/../lib/gcc/avr/5.4.0/../../../../avr/lib/avr5\libc.a(iob.o)
                              Blink_LEDs_Tasks.o (__iob)
c:/program files (x86)/atmel/studio/7.0/toolchain/avr8/avr8-gnu-toolchain/bin/../lib/gcc/avr/5.4.0/../../../../avr/lib/avr5\libc.a(puts.o)
                              Blink_LEDs_Tasks.o (puts)
c:/program files (x86)/atmel/studio/7.0/toolchain/avr8/avr8-gnu-toolchain/bin/../lib/gcc/avr/5.4.0/../../../../avr/lib/avr5\libc.a(snprintf.o)
                              Blink_LEDs_Tasks.o (snprintf)
c:/program files (x86)/atmel/studio/7.0/toolchain/avr8/avr8-gnu-toolchain/bin/../lib/gcc/avr/5.4.0/../../../../avr/lib/avr5\libc.a(sprintf.o)
                              FreeRTOS_Source/source/tasks.o (sprintf)
c:/program files (x86)/atmel/studio/7.0/toolchain/avr8/avr8-gnu-toolchain/bin/../lib/gcc/avr/5.4.0/../../../../avr/lib/avr5\libc.a(vfprintf_std.o)
                              c:/program files (x86)/atmel/studio/7.0/toolchain/avr8/avr8-gnu-toolchain/bin/../lib/gcc/avr/5.4.0/../../../../avr/lib/avr5\libc.a(snprintf.o) (vfprintf)
c:/program files (x86)/atmel/studio/7.0/toolchain/avr8/avr8-gnu-toolchain/bin/../lib/gcc/avr/5.4.0/../../../../avr/lib/avr5\libc.a(strnlen_P.o)
                              c:/program files (x86)/atmel/studio/7.0/toolchain/avr8/avr8-gnu-toolchain/bin/../lib/gcc/avr/5.4.0/../../../../avr/lib/avr5\libc.a(vfprintf_std.o) (strnlen_P)
c:/program files (x86)/atmel/studio/7.0/toolchain/avr8/avr8-gnu-toolchain/bin/../lib/gcc/avr/5.4.0/../../../../avr/lib/avr5\libc.a(strnlen.o)
                              c:/program files (x86)/atmel/studio/7.0/toolchain/avr8/avr8-gnu-toolchain/bin/../lib/gcc/avr/5.4.0/../../../../avr/lib/avr5\libc.a(vfprintf_std.o) (strnlen)
c:/program files (x86)/atmel/studio/7.0/toolchain/avr8/avr8-gnu-toolchain/bin/../lib/gcc/avr/5.4.0/../../../../avr/lib/avr5\libc.a(fputc.o)
                              c:/program files (x86)/atmel/studio/7.0/toolchain/avr8/avr8-gnu-toolchain/bin/../lib/gcc/avr/5.4.0/../../../../avr/lib/avr5\libc.a(vfprintf_std.o) (fputc)
c:/program files (x86)/atmel/studio/7.0/toolchain/avr8/avr8-gnu-toolchain/bin/../lib/gcc/avr/5.4.0/../../../../avr/lib/avr5\libc.a(ultoa_invert.o)
                              c:/program files (x86)/atmel/studio/7.0/toolchain/avr8/avr8-gnu-toolchain/bin/../lib/gcc/avr/5.4.0/../../../../avr/lib/avr5\libc.a(vfprintf_std.o) (__ultoa_invert)
c:/program files (x86)/atmel/studio/7.0/toolchain/avr8/avr8-gnu-toolchain/bin/../lib/gcc/avr/5.4.0/avr5\libgcc.a(_divmodsi4.o)
                              c:/program files (x86)/atmel/studio/7.0/toolchain/avr8/avr8-gnu-toolchain/bin/../lib/gcc/avr/5.4.0/../../../../avr/lib/avr5\libc.a(rand.o) (__divmodsi4)
c:/program files (x86)/atmel/studio/7.0/toolchain/avr8/avr8-gnu-toolchain/bin/../lib/gcc/avr/5.4.0/avr5\libgcc.a(_negsi2.o)
                              c:/program files (x86)/atmel/studio/7.0/toolchain/avr8/avr8-gnu-toolchain/bin/../lib/gcc/avr/5.4.0/avr5\libgcc.a(_divmodsi4.o) (__negsi2)
c:/program files (x86)/atmel/studio/7.0/toolchain/avr8/avr8-gnu-toolchain/bin/../lib/gcc/avr/5.4.0/avr5\libgcc.a(_muluhisi3.o)
                              c:/program files (x86)/atmel/studio/7.0/toolchain/avr8/avr8-gnu-toolchain/bin/../lib/gcc/avr/5.4.0/../../../../avr/lib/avr5\libc.a(rand.o) (__muluhisi3)
c:/program files (x86)/atmel/studio/7.0/toolchain/avr8/avr8-gnu-toolchain/bin/../lib/gcc/avr/5.4.0/avr5\libgcc.a(_mulshisi3.o)
                              c:/program files (x86)/atmel/studio/7.0/toolchain/avr8/avr8-gnu-toolchain/bin/../lib/gcc/avr/5.4.0/../../../../avr/lib/avr5\libc.a(rand.o) (__mulohisi3)
c:/program files (x86)/atmel/studio/7.0/toolchain/avr8/avr8-gnu-toolchain/bin/../lib/gcc/avr/5.4.0/avr5\libgcc.a(_prologue.o)
                              c:/program files (x86)/atmel/studio/7.0/toolchain/avr8/avr8-gnu-toolchain/bin/../lib/gcc/avr/5.4.0/../../../../avr/lib/avr5\libc.a(snprintf.o) (__prologue_saves__)
c:/program files (x86)/atmel/studio/7.0/toolchain/avr8/avr8-gnu-toolchain/bin/../lib/gcc/avr/5.4.0/avr5\libgcc.a(_epilogue.o)
                              c:/program files (x86)/atmel/studio/7.0/toolchain/avr8/avr8-gnu-toolchain/bin/../lib/gcc/avr/5.4.0/../../../../avr/lib/avr5\libc.a(snprintf.o) (__epilogue_restores__)
c:/program files (x86)/atmel/studio/7.0/toolchain/avr8/avr8-gnu-toolchain/bin/../lib/gcc/avr/5.4.0/avr5\libgcc.a(_udivmodsi4.o)
                              c:/program files (x86)/atmel/studio/7.0/toolchain/avr8/avr8-gnu-toolchain/bin/../lib/gcc/avr/5.4.0/avr5\libgcc.a(_divmodsi4.o) (__udivmodsi4)
c:/program files (x86)/atmel/studio/7.0/toolchain/avr8/avr8-gnu-toolchain/bin/../lib/gcc/avr/5.4.0/avr5\libgcc.a(_umulhisi3.o)
                              c:/program files (x86)/atmel/studio/7.0/toolchain/avr8/avr8-gnu-toolchain/bin/../lib/gcc/avr/5.4.0/avr5\libgcc.a(_muluhisi3.o) (__umulhisi3)

Allocating common symbols
Common symbol       size              file

__iob               0x6               c:/program files (x86)/atmel/studio/7.0/toolchain/avr8/avr8-gnu-toolchain/bin/../lib/gcc/avr/5.4.0/../../../../avr/lib/avr5\libc.a(iob.o)

Discarded input sections

 .data          0x00000000        0x0 C:/Program Files (x86)/Atmel/Studio/7.0/Packs/atmel/ATmega_DFP/1.0.106/gcc/dev/atmega328p/avr5/crtatmega328p.o
 .bss           0x00000000        0x0 C:/Program Files (x86)/Atmel/Studio/7.0/Packs/atmel/ATmega_DFP/1.0.106/gcc/dev/atmega328p/avr5/crtatmega328p.o
 .text          0x00000000        0x0 FreeRTOS_Source/source/croutine.o
 .data          0x00000000        0x0 FreeRTOS_Source/source/croutine.o
 .bss           0x00000000        0x0 FreeRTOS_Source/source/croutine.o
 .text.xCoRoutineCreate
                0x00000000       0xf0 FreeRTOS_Source/source/croutine.o
 .text.vCoRoutineAddToDelayedList
                0x00000000       0x86 FreeRTOS_Source/source/croutine.o
 .text.vCoRoutineSchedule
                0x00000000      0x274 FreeRTOS_Source/source/croutine.o
 .text.xCoRoutineRemoveFromEventList
                0x00000000       0x4a FreeRTOS_Source/source/croutine.o
 .bss.xPassedTicks
                0x00000000        0x2 FreeRTOS_Source/source/croutine.o
 .bss.xLastTickCount
                0x00000000        0x2 FreeRTOS_Source/source/croutine.o
 .bss.xCoRoutineTickCount
                0x00000000        0x2 FreeRTOS_Source/source/croutine.o
 .bss.uxTopCoRoutineReadyPriority
                0x00000000        0x1 FreeRTOS_Source/source/croutine.o
 .bss.pxCurrentCoRoutine
                0x00000000        0x2 FreeRTOS_Source/source/croutine.o
 .bss.xPendingReadyCoRoutineList
                0x00000000        0x9 FreeRTOS_Source/source/croutine.o
 .bss.pxOverflowDelayedCoRoutineList
                0x00000000        0x2 FreeRTOS_Source/source/croutine.o
 .bss.pxDelayedCoRoutineList
                0x00000000        0x2 FreeRTOS_Source/source/croutine.o
 .bss.xDelayedCoRoutineList2
                0x00000000        0x9 FreeRTOS_Source/source/croutine.o
 .bss.xDelayedCoRoutineList1
                0x00000000        0x9 FreeRTOS_Source/source/croutine.o
 .bss.pxReadyCoRoutineLists
                0x00000000       0x12 FreeRTOS_Source/source/croutine.o
 .debug_info    0x00000000      0x77d FreeRTOS_Source/source/croutine.o
 .debug_abbrev  0x00000000      0x22b FreeRTOS_Source/source/croutine.o
 .debug_loc     0x00000000      0x3eb FreeRTOS_Source/source/croutine.o
 .debug_aranges
                0x00000000       0x38 FreeRTOS_Source/source/croutine.o
 .debug_ranges  0x00000000       0x28 FreeRTOS_Source/source/croutine.o
 .debug_line    0x00000000      0x33b FreeRTOS_Source/source/croutine.o
 .debug_str     0x00000000      0x54e FreeRTOS_Source/source/croutine.o
 .comment       0x00000000       0x31 FreeRTOS_Source/source/croutine.o
 .debug_frame   0x00000000       0xc0 FreeRTOS_Source/source/croutine.o
 .text          0x00000000        0x0 FreeRTOS_Source/source/event_groups.o
 .data          0x00000000        0x0 FreeRTOS_Source/source/event_groups.o
 .bss           0x00000000        0x0 FreeRTOS_Source/source/event_groups.o
 .text.xEventGroupCreate
                0x00000000       0x26 FreeRTOS_Source/source/event_groups.o
 .text.xEventGroupWaitBits
                0x00000000      0x110 FreeRTOS_Source/source/event_groups.o
 .text.xEventGroupClearBits
                0x00000000       0x1e FreeRTOS_Source/source/event_groups.o
 .text.xEventGroupGetBitsFromISR
                0x00000000        0x8 FreeRTOS_Source/source/event_groups.o
 .text.xEventGroupSetBits
                0x00000000       0xdc FreeRTOS_Source/source/event_groups.o
 .text.xEventGroupSync
                0x00000000       0xd2 FreeRTOS_Source/source/event_groups.o
 .text.vEventGroupDelete
                0x00000000       0x32 FreeRTOS_Source/source/event_groups.o
 .text.vEventGroupSetBitsCallback
                0x00000000        0x8 FreeRTOS_Source/source/event_groups.o
 .text.vEventGroupClearBitsCallback
                0x00000000        0x8 FreeRTOS_Source/source/event_groups.o
 .text.uxEventGroupGetNumber
                0x00000000        0xe FreeRTOS_Source/source/event_groups.o
 .debug_info    0x00000000      0x94b FreeRTOS_Source/source/event_groups.o
 .debug_abbrev  0x00000000      0x205 FreeRTOS_Source/source/event_groups.o
 .debug_loc     0x00000000      0xbea FreeRTOS_Source/source/event_groups.o
 .debug_aranges
                0x00000000       0x68 FreeRTOS_Source/source/event_groups.o
 .debug_ranges  0x00000000       0x70 FreeRTOS_Source/source/event_groups.o
 .debug_line    0x00000000      0x3ef FreeRTOS_Source/source/event_groups.o
 .debug_str     0x00000000      0x5cf FreeRTOS_Source/source/event_groups.o
 .comment       0x00000000       0x31 FreeRTOS_Source/source/event_groups.o
 .debug_frame   0x00000000      0x168 FreeRTOS_Source/source/event_groups.o
 .text          0x00000000        0x0 FreeRTOS_Source/source/list.o
 .data          0x00000000        0x0 FreeRTOS_Source/source/list.o
 .bss           0x00000000        0x0 FreeRTOS_Source/source/list.o
 .text.vListInsert
                0x00000000       0x62 FreeRTOS_Source/source/list.o
 .text          0x00000000        0x0 FreeRTOS_Source/source/portable/heap_1.o
 .data          0x00000000        0x0 FreeRTOS_Source/source/portable/heap_1.o
 .bss           0x00000000        0x0 FreeRTOS_Source/source/portable/heap_1.o
 .text.vPortInitialiseBlocks
                0x00000000        0x2 FreeRTOS_Source/source/portable/heap_1.o
 .text          0x00000000        0x0 FreeRTOS_Source/source/portable/port.o
 .data          0x00000000        0x0 FreeRTOS_Source/source/portable/port.o
 .bss           0x00000000        0x0 FreeRTOS_Source/source/portable/port.o
 .text.vPortEndScheduler
                0x00000000        0x2 FreeRTOS_Source/source/portable/port.o
 .text          0x00000000        0x0 FreeRTOS_Source/source/queue.o
 .data          0x00000000        0x0 FreeRTOS_Source/source/queue.o
 .bss           0x00000000        0x0 FreeRTOS_Source/source/queue.o
 .text.prvCopyDataToQueue
                0x00000000       0x92 FreeRTOS_Source/source/queue.o
 .text.prvCopyDataFromQueue
                0x00000000       0x34 FreeRTOS_Source/source/queue.o
 .text.prvUnlockQueue
                0x00000000       0x9a FreeRTOS_Source/source/queue.o
 .text.xQueueGenericReset
                0x00000000       0x7a FreeRTOS_Source/source/queue.o
 .text.xQueueGenericCreate
                0x00000000       0x62 FreeRTOS_Source/source/queue.o
 .text.xQueueGenericSend
                0x00000000      0x142 FreeRTOS_Source/source/queue.o
 .text.xQueueGenericSendFromISR
                0x00000000       0x74 FreeRTOS_Source/source/queue.o
 .text.xQueueGiveFromISR
                0x00000000       0x52 FreeRTOS_Source/source/queue.o
 .text.xQueueGenericReceive
                0x00000000      0x16a FreeRTOS_Source/source/queue.o
 .text.xQueueReceiveFromISR
                0x00000000       0x6e FreeRTOS_Source/source/queue.o
 .text.xQueuePeekFromISR
                0x00000000       0x2e FreeRTOS_Source/source/queue.o
 .text.uxQueueMessagesWaiting
                0x00000000       0x10 FreeRTOS_Source/source/queue.o
 .text.uxQueueSpacesAvailable
                0x00000000       0x14 FreeRTOS_Source/source/queue.o
 .text.uxQueueMessagesWaitingFromISR
                0x00000000        0x6 FreeRTOS_Source/source/queue.o
 .text.vQueueDelete
                0x00000000        0x6 FreeRTOS_Source/source/queue.o
 .text.uxQueueGetQueueNumber
                0x00000000        0x6 FreeRTOS_Source/source/queue.o
 .text.vQueueSetQueueNumber
                0x00000000        0x6 FreeRTOS_Source/source/queue.o
 .text.ucQueueGetQueueType
                0x00000000        0x6 FreeRTOS_Source/source/queue.o
 .text.xQueueIsQueueEmptyFromISR
                0x00000000        0xc FreeRTOS_Source/source/queue.o
 .text.xQueueIsQueueFullFromISR
                0x00000000        0xe FreeRTOS_Source/source/queue.o
 .text.xQueueCRSend
                0x00000000       0x72 FreeRTOS_Source/source/queue.o
 .text.xQueueCRReceive
                0x00000000       0x92 FreeRTOS_Source/source/queue.o
 .text.xQueueCRSendFromISR
                0x00000000       0x48 FreeRTOS_Source/source/queue.o
 .text.xQueueCRReceiveFromISR
                0x00000000       0x82 FreeRTOS_Source/source/queue.o
 .debug_info    0x00000000     0x1460 FreeRTOS_Source/source/queue.o
 .debug_abbrev  0x00000000      0x270 FreeRTOS_Source/source/queue.o
 .debug_loc     0x00000000     0x1c14 FreeRTOS_Source/source/queue.o
 .debug_aranges
                0x00000000       0xd8 FreeRTOS_Source/source/queue.o
 .debug_ranges  0x00000000      0x128 FreeRTOS_Source/source/queue.o
 .debug_line    0x00000000      0xa41 FreeRTOS_Source/source/queue.o
 .debug_str     0x00000000      0x7ca FreeRTOS_Source/source/queue.o
 .comment       0x00000000       0x31 FreeRTOS_Source/source/queue.o
 .debug_frame   0x00000000      0x30c FreeRTOS_Source/source/queue.o
 .text          0x00000000        0x0 FreeRTOS_Source/source/tasks.o
 .data          0x00000000        0x0 FreeRTOS_Source/source/tasks.o
 .bss           0x00000000        0x0 FreeRTOS_Source/source/tasks.o
 .text.prvAddCurrentTaskToDelayedList
                0x00000000       0xb0 FreeRTOS_Source/source/tasks.o
 .text.vTaskDelete
                0x00000000       0xaa FreeRTOS_Source/source/tasks.o
 .text.eTaskGetState
                0x00000000       0x78 FreeRTOS_Source/source/tasks.o
 .text.uxTaskPriorityGet
                0x00000000       0x1c FreeRTOS_Source/source/tasks.o
 .text.uxTaskPriorityGetFromISR
                0x00000000       0x12 FreeRTOS_Source/source/tasks.o
 .text.vTaskPrioritySet
                0x00000000       0xf0 FreeRTOS_Source/source/tasks.o
 .text.vTaskResume
                0x00000000       0x9e FreeRTOS_Source/source/tasks.o
 .text.xTaskResumeFromISR
                0x00000000       0xae FreeRTOS_Source/source/tasks.o
 .text.vTaskEndScheduler
                0x00000000        0xc FreeRTOS_Source/source/tasks.o
 .text.xTaskGetTickCount
                0x00000000       0x14 FreeRTOS_Source/source/tasks.o
 .text.xTaskGetTickCountFromISR
                0x00000000        0xa FreeRTOS_Source/source/tasks.o
 .text.pcTaskGetName
                0x00000000       0x10 FreeRTOS_Source/source/tasks.o
 .text.xTaskGetIdleTaskHandle
                0x00000000        0xa FreeRTOS_Source/source/tasks.o
 .text.vTaskDelayUntil
                0x00000000       0x7c FreeRTOS_Source/source/tasks.o
 .text.vTaskDelay
                0x00000000       0x28 FreeRTOS_Source/source/tasks.o
 .text.vTaskSetApplicationTaskTag
                0x00000000       0x1e FreeRTOS_Source/source/tasks.o
 .text.xTaskGetApplicationTaskTag
                0x00000000       0x1e FreeRTOS_Source/source/tasks.o
 .text.xTaskCallApplicationTaskHook
                0x00000000       0x24 FreeRTOS_Source/source/tasks.o
 .text.vTaskSuspend
                0x00000000       0x9c FreeRTOS_Source/source/tasks.o
 .text.vTaskPlaceOnEventList
                0x00000000       0x24 FreeRTOS_Source/source/tasks.o
 .text.vTaskPlaceOnUnorderedEventList
                0x00000000       0x32 FreeRTOS_Source/source/tasks.o
 .text.xTaskRemoveFromEventList
                0x00000000       0x90 FreeRTOS_Source/source/tasks.o
 .text.xTaskRemoveFromUnorderedEventList
                0x00000000       0x74 FreeRTOS_Source/source/tasks.o
 .text.vTaskSetTimeOutState
                0x00000000       0x16 FreeRTOS_Source/source/tasks.o
 .text.xTaskCheckForTimeOut
                0x00000000       0x72 FreeRTOS_Source/source/tasks.o
 .text.vTaskMissedYield
                0x00000000        0x8 FreeRTOS_Source/source/tasks.o
 .text.uxTaskGetTaskNumber
                0x00000000        0xe FreeRTOS_Source/source/tasks.o
 .text.vTaskSetTaskNumber
                0x00000000        0xa FreeRTOS_Source/source/tasks.o
 .text.vTaskGetInfo
                0x00000000       0xd4 FreeRTOS_Source/source/tasks.o
 .text.prvListTasksWithinSingleList
                0x00000000       0xb2 FreeRTOS_Source/source/tasks.o
 .text.uxTaskGetSystemState
                0x00000000       0xe8 FreeRTOS_Source/source/tasks.o
 .text.uxTaskGetStackHighWaterMark
                0x00000000       0x3a FreeRTOS_Source/source/tasks.o
 .text.vTaskList
                0x00000000      0x1ae FreeRTOS_Source/source/tasks.o
 .text.uxTaskResetEventItemValue
                0x00000000       0x2e FreeRTOS_Source/source/tasks.o
 .text.ulTaskNotifyTake
                0x00000000       0xae FreeRTOS_Source/source/tasks.o
 .text.xTaskNotifyWait
                0x00000000      0x108 FreeRTOS_Source/source/tasks.o
 .text.xTaskGenericNotify
                0x00000000       0xfc FreeRTOS_Source/source/tasks.o
 .text.xTaskGenericNotifyFromISR
                0x00000000      0x122 FreeRTOS_Source/source/tasks.o
 .text.vTaskNotifyGiveFromISR
                0x00000000       0xb6 FreeRTOS_Source/source/tasks.o
 .text.xTaskNotifyStateClear
                0x00000000       0x28 FreeRTOS_Source/source/tasks.o
 .text          0x00000000        0x0 FreeRTOS_Source/source/timers.o
 .data          0x00000000        0x0 FreeRTOS_Source/source/timers.o
 .bss           0x00000000        0x0 FreeRTOS_Source/source/timers.o
 .debug_info    0x00000000       0x64 FreeRTOS_Source/source/timers.o
 .debug_abbrev  0x00000000       0x26 FreeRTOS_Source/source/timers.o
 .debug_aranges
                0x00000000       0x18 FreeRTOS_Source/source/timers.o
 .debug_line    0x00000000       0x1a FreeRTOS_Source/source/timers.o
 .debug_str     0x00000000      0x182 FreeRTOS_Source/source/timers.o
 .comment       0x00000000       0x31 FreeRTOS_Source/source/timers.o
 .text          0x00000000        0x0 Blink_LEDs_Tasks.o
 .data          0x00000000        0x0 Blink_LEDs_Tasks.o
 .bss           0x00000000        0x0 Blink_LEDs_Tasks.o
 .text.uart_putchar
                0x00000000       0x24 Blink_LEDs_Tasks.o
 .text.uart_getchar
                0x00000000       0x12 Blink_LEDs_Tasks.o
 .text.blinkRedLED
                0x00000000       0x38 Blink_LEDs_Tasks.o
 .text.blinkWhiteLED
                0x00000000       0x38 Blink_LEDs_Tasks.o
 .text.blinkBlueLED
                0x00000000       0x38 Blink_LEDs_Tasks.o
 .text.delayLong
                0x00000000        0xc Blink_LEDs_Tasks.o
 .text.serialCheckRxComplete
                0x00000000        0x8 Blink_LEDs_Tasks.o
 .text.serialCheckTxReady
                0x00000000        0x8 Blink_LEDs_Tasks.o
 .text.serialRead
                0x00000000       0x10 Blink_LEDs_Tasks.o
 .text.LCD_Home
                0x00000000       0x10 Blink_LEDs_Tasks.o
 .text.LCD_Goto
                0x00000000       0x24 Blink_LEDs_Tasks.o
 .text.LCD_Line
                0x00000000       0x12 Blink_LEDs_Tasks.o
 .text.blinkGreenLED
                0x00000000       0x44 Blink_LEDs_Tasks.o
 .rodata        0x00000000       0x10 Blink_LEDs_Tasks.o
 .text.keypadScan
                0x00000000      0x470 Blink_LEDs_Tasks.o
 .bss.xKeypadScan
                0x00000000        0x2 Blink_LEDs_Tasks.o
 .bss.xGreenLED
                0x00000000        0x2 Blink_LEDs_Tasks.o
 .bss.xBlueLED  0x00000000        0x2 Blink_LEDs_Tasks.o
 .bss.xWhiteLED
                0x00000000        0x2 Blink_LEDs_Tasks.o
 .bss.xRedLED   0x00000000        0x2 Blink_LEDs_Tasks.o
 .text          0x00000000        0x0 c:/program files (x86)/atmel/studio/7.0/toolchain/avr8/avr8-gnu-toolchain/bin/../lib/gcc/avr/5.4.0/avr5\libgcc.a(_divmodhi4.o)
 .data          0x00000000        0x0 c:/program files (x86)/atmel/studio/7.0/toolchain/avr8/avr8-gnu-toolchain/bin/../lib/gcc/avr/5.4.0/avr5\libgcc.a(_divmodhi4.o)
 .bss           0x00000000        0x0 c:/program files (x86)/atmel/studio/7.0/toolchain/avr8/avr8-gnu-toolchain/bin/../lib/gcc/avr/5.4.0/avr5\libgcc.a(_divmodhi4.o)
 .text.libgcc.mul
                0x00000000        0x0 c:/program files (x86)/atmel/studio/7.0/toolchain/avr8/avr8-gnu-toolchain/bin/../lib/gcc/avr/5.4.0/avr5\libgcc.a(_divmodhi4.o)
 .text.libgcc   0x00000000        0x0 c:/program files (x86)/atmel/studio/7.0/toolchain/avr8/avr8-gnu-toolchain/bin/../lib/gcc/avr/5.4.0/avr5\libgcc.a(_divmodhi4.o)
 .text.libgcc.prologue
                0x00000000        0x0 c:/program files (x86)/atmel/studio/7.0/toolchain/avr8/avr8-gnu-toolchain/bin/../lib/gcc/avr/5.4.0/avr5\libgcc.a(_divmodhi4.o)
 .text.libgcc.builtins
                0x00000000        0x0 c:/program files (x86)/atmel/studio/7.0/toolchain/avr8/avr8-gnu-toolchain/bin/../lib/gcc/avr/5.4.0/avr5\libgcc.a(_divmodhi4.o)
 .text.libgcc.fmul
                0x00000000        0x0 c:/program files (x86)/atmel/studio/7.0/toolchain/avr8/avr8-gnu-toolchain/bin/../lib/gcc/avr/5.4.0/avr5\libgcc.a(_divmodhi4.o)
 .text.libgcc.fixed
                0x00000000        0x0 c:/program files (x86)/atmel/studio/7.0/toolchain/avr8/avr8-gnu-toolchain/bin/../lib/gcc/avr/5.4.0/avr5\libgcc.a(_divmodhi4.o)
 .text          0x00000000        0x0 c:/program files (x86)/atmel/studio/7.0/toolchain/avr8/avr8-gnu-toolchain/bin/../lib/gcc/avr/5.4.0/avr5\libgcc.a(_exit.o)
 .data          0x00000000        0x0 c:/program files (x86)/atmel/studio/7.0/toolchain/avr8/avr8-gnu-toolchain/bin/../lib/gcc/avr/5.4.0/avr5\libgcc.a(_exit.o)
 .bss           0x00000000        0x0 c:/program files (x86)/atmel/studio/7.0/toolchain/avr8/avr8-gnu-toolchain/bin/../lib/gcc/avr/5.4.0/avr5\libgcc.a(_exit.o)
 .text.libgcc.mul
                0x00000000        0x0 c:/program files (x86)/atmel/studio/7.0/toolchain/avr8/avr8-gnu-toolchain/bin/../lib/gcc/avr/5.4.0/avr5\libgcc.a(_exit.o)
 .text.libgcc.div
                0x00000000        0x0 c:/program files (x86)/atmel/studio/7.0/toolchain/avr8/avr8-gnu-toolchain/bin/../lib/gcc/avr/5.4.0/avr5\libgcc.a(_exit.o)
 .text.libgcc   0x00000000        0x0 c:/program files (x86)/atmel/studio/7.0/toolchain/avr8/avr8-gnu-toolchain/bin/../lib/gcc/avr/5.4.0/avr5\libgcc.a(_exit.o)
 .text.libgcc.prologue
                0x00000000        0x0 c:/program files (x86)/atmel/studio/7.0/toolchain/avr8/avr8-gnu-toolchain/bin/../lib/gcc/avr/5.4.0/avr5\libgcc.a(_exit.o)
 .text.libgcc.builtins
                0x00000000        0x0 c:/program files (x86)/atmel/studio/7.0/toolchain/avr8/avr8-gnu-toolchain/bin/../lib/gcc/avr/5.4.0/avr5\libgcc.a(_exit.o)
 .text.libgcc.fmul
                0x00000000        0x0 c:/program files (x86)/atmel/studio/7.0/toolchain/avr8/avr8-gnu-toolchain/bin/../lib/gcc/avr/5.4.0/avr5\libgcc.a(_exit.o)
 .text.libgcc.fixed
                0x00000000        0x0 c:/program files (x86)/atmel/studio/7.0/toolchain/avr8/avr8-gnu-toolchain/bin/../lib/gcc/avr/5.4.0/avr5\libgcc.a(_exit.o)
 .text          0x00000000        0x0 c:/program files (x86)/atmel/studio/7.0/toolchain/avr8/avr8-gnu-toolchain/bin/../lib/gcc/avr/5.4.0/avr5\libgcc.a(_copy_data.o)
 .data          0x00000000        0x0 c:/program files (x86)/atmel/studio/7.0/toolchain/avr8/avr8-gnu-toolchain/bin/../lib/gcc/avr/5.4.0/avr5\libgcc.a(_copy_data.o)
 .bss           0x00000000        0x0 c:/program files (x86)/atmel/studio/7.0/toolchain/avr8/avr8-gnu-toolchain/bin/../lib/gcc/avr/5.4.0/avr5\libgcc.a(_copy_data.o)
 .text.libgcc.mul
                0x00000000        0x0 c:/program files (x86)/atmel/studio/7.0/toolchain/avr8/avr8-gnu-toolchain/bin/../lib/gcc/avr/5.4.0/avr5\libgcc.a(_copy_data.o)
 .text.libgcc.div
                0x00000000        0x0 c:/program files (x86)/atmel/studio/7.0/toolchain/avr8/avr8-gnu-toolchain/bin/../lib/gcc/avr/5.4.0/avr5\libgcc.a(_copy_data.o)
 .text.libgcc   0x00000000        0x0 c:/program files (x86)/atmel/studio/7.0/toolchain/avr8/avr8-gnu-toolchain/bin/../lib/gcc/avr/5.4.0/avr5\libgcc.a(_copy_data.o)
 .text.libgcc.prologue
                0x00000000        0x0 c:/program files (x86)/atmel/studio/7.0/toolchain/avr8/avr8-gnu-toolchain/bin/../lib/gcc/avr/5.4.0/avr5\libgcc.a(_copy_data.o)
 .text.libgcc.builtins
                0x00000000        0x0 c:/program files (x86)/atmel/studio/7.0/toolchain/avr8/avr8-gnu-toolchain/bin/../lib/gcc/avr/5.4.0/avr5\libgcc.a(_copy_data.o)
 .text.libgcc.fmul
                0x00000000        0x0 c:/program files (x86)/atmel/studio/7.0/toolchain/avr8/avr8-gnu-toolchain/bin/../lib/gcc/avr/5.4.0/avr5\libgcc.a(_copy_data.o)
 .text.libgcc.fixed
                0x00000000        0x0 c:/program files (x86)/atmel/studio/7.0/toolchain/avr8/avr8-gnu-toolchain/bin/../lib/gcc/avr/5.4.0/avr5\libgcc.a(_copy_data.o)
 .text          0x00000000        0x0 c:/program files (x86)/atmel/studio/7.0/toolchain/avr8/avr8-gnu-toolchain/bin/../lib/gcc/avr/5.4.0/avr5\libgcc.a(_clear_bss.o)
 .data          0x00000000        0x0 c:/program files (x86)/atmel/studio/7.0/toolchain/avr8/avr8-gnu-toolchain/bin/../lib/gcc/avr/5.4.0/avr5\libgcc.a(_clear_bss.o)
 .bss           0x00000000        0x0 c:/program files (x86)/atmel/studio/7.0/toolchain/avr8/avr8-gnu-toolchain/bin/../lib/gcc/avr/5.4.0/avr5\libgcc.a(_clear_bss.o)
 .text.libgcc.mul
                0x00000000        0x0 c:/program files (x86)/atmel/studio/7.0/toolchain/avr8/avr8-gnu-toolchain/bin/../lib/gcc/avr/5.4.0/avr5\libgcc.a(_clear_bss.o)
 .text.libgcc.div
                0x00000000        0x0 c:/program files (x86)/atmel/studio/7.0/toolchain/avr8/avr8-gnu-toolchain/bin/../lib/gcc/avr/5.4.0/avr5\libgcc.a(_clear_bss.o)
 .text.libgcc   0x00000000        0x0 c:/program files (x86)/atmel/studio/7.0/toolchain/avr8/avr8-gnu-toolchain/bin/../lib/gcc/avr/5.4.0/avr5\libgcc.a(_clear_bss.o)
 .text.libgcc.prologue
                0x00000000        0x0 c:/program files (x86)/atmel/studio/7.0/toolchain/avr8/avr8-gnu-toolchain/bin/../lib/gcc/avr/5.4.0/avr5\libgcc.a(_clear_bss.o)
 .text.libgcc.builtins
                0x00000000        0x0 c:/program files (x86)/atmel/studio/7.0/toolchain/avr8/avr8-gnu-toolchain/bin/../lib/gcc/avr/5.4.0/avr5\libgcc.a(_clear_bss.o)
 .text.libgcc.fmul
                0x00000000        0x0 c:/program files (x86)/atmel/studio/7.0/toolchain/avr8/avr8-gnu-toolchain/bin/../lib/gcc/avr/5.4.0/avr5\libgcc.a(_clear_bss.o)
 .text.libgcc.fixed
                0x00000000        0x0 c:/program files (x86)/atmel/studio/7.0/toolchain/avr8/avr8-gnu-toolchain/bin/../lib/gcc/avr/5.4.0/avr5\libgcc.a(_clear_bss.o)
 .text          0x00000000        0x0 c:/program files (x86)/atmel/studio/7.0/toolchain/avr8/avr8-gnu-toolchain/bin/../lib/gcc/avr/5.4.0/avr5\libgcc.a(_udivmodhi4.o)
 .data          0x00000000        0x0 c:/program files (x86)/atmel/studio/7.0/toolchain/avr8/avr8-gnu-toolchain/bin/../lib/gcc/avr/5.4.0/avr5\libgcc.a(_udivmodhi4.o)
 .bss           0x00000000        0x0 c:/program files (x86)/atmel/studio/7.0/toolchain/avr8/avr8-gnu-toolchain/bin/../lib/gcc/avr/5.4.0/avr5\libgcc.a(_udivmodhi4.o)
 .text.libgcc.mul
                0x00000000        0x0 c:/program files (x86)/atmel/studio/7.0/toolchain/avr8/avr8-gnu-toolchain/bin/../lib/gcc/avr/5.4.0/avr5\libgcc.a(_udivmodhi4.o)
 .text.libgcc   0x00000000        0x0 c:/program files (x86)/atmel/studio/7.0/toolchain/avr8/avr8-gnu-toolchain/bin/../lib/gcc/avr/5.4.0/avr5\libgcc.a(_udivmodhi4.o)
 .text.libgcc.prologue
                0x00000000        0x0 c:/program files (x86)/atmel/studio/7.0/toolchain/avr8/avr8-gnu-toolchain/bin/../lib/gcc/avr/5.4.0/avr5\libgcc.a(_udivmodhi4.o)
 .text.libgcc.builtins
                0x00000000        0x0 c:/program files (x86)/atmel/studio/7.0/toolchain/avr8/avr8-gnu-toolchain/bin/../lib/gcc/avr/5.4.0/avr5\libgcc.a(_udivmodhi4.o)
 .text.libgcc.fmul
                0x00000000        0x0 c:/program files (x86)/atmel/studio/7.0/toolchain/avr8/avr8-gnu-toolchain/bin/../lib/gcc/avr/5.4.0/avr5\libgcc.a(_udivmodhi4.o)
 .text.libgcc.fixed
                0x00000000        0x0 c:/program files (x86)/atmel/studio/7.0/toolchain/avr8/avr8-gnu-toolchain/bin/../lib/gcc/avr/5.4.0/avr5\libgcc.a(_udivmodhi4.o)
 .text          0x00000000        0x0 c:/program files (x86)/atmel/studio/7.0/toolchain/avr8/avr8-gnu-toolchain/bin/../lib/gcc/avr/5.4.0/../../../../avr/lib/avr5\libc.a(rand.o)
 .bss           0x00000000        0x0 c:/program files (x86)/atmel/studio/7.0/toolchain/avr8/avr8-gnu-toolchain/bin/../lib/gcc/avr/5.4.0/../../../../avr/lib/avr5\libc.a(rand.o)
 .text          0x00000000        0x0 c:/program files (x86)/atmel/studio/7.0/toolchain/avr8/avr8-gnu-toolchain/bin/../lib/gcc/avr/5.4.0/../../../../avr/lib/avr5\libc.a(memcpy.o)
 .data          0x00000000        0x0 c:/program files (x86)/atmel/studio/7.0/toolchain/avr8/avr8-gnu-toolchain/bin/../lib/gcc/avr/5.4.0/../../../../avr/lib/avr5\libc.a(memcpy.o)
 .bss           0x00000000        0x0 c:/program files (x86)/atmel/studio/7.0/toolchain/avr8/avr8-gnu-toolchain/bin/../lib/gcc/avr/5.4.0/../../../../avr/lib/avr5\libc.a(memcpy.o)
 .text.avr-libc
                0x00000000       0x12 c:/program files (x86)/atmel/studio/7.0/toolchain/avr8/avr8-gnu-toolchain/bin/../lib/gcc/avr/5.4.0/../../../../avr/lib/avr5\libc.a(memcpy.o)
 .text          0x00000000        0x0 c:/program files (x86)/atmel/studio/7.0/toolchain/avr8/avr8-gnu-toolchain/bin/../lib/gcc/avr/5.4.0/../../../../avr/lib/avr5\libc.a(memset.o)
 .data          0x00000000        0x0 c:/program files (x86)/atmel/studio/7.0/toolchain/avr8/avr8-gnu-toolchain/bin/../lib/gcc/avr/5.4.0/../../../../avr/lib/avr5\libc.a(memset.o)
 .bss           0x00000000        0x0 c:/program files (x86)/atmel/studio/7.0/toolchain/avr8/avr8-gnu-toolchain/bin/../lib/gcc/avr/5.4.0/../../../../avr/lib/avr5\libc.a(memset.o)
 .text          0x00000000        0x0 c:/program files (x86)/atmel/studio/7.0/toolchain/avr8/avr8-gnu-toolchain/bin/../lib/gcc/avr/5.4.0/../../../../avr/lib/avr5\libc.a(strcpy.o)
 .data          0x00000000        0x0 c:/program files (x86)/atmel/studio/7.0/toolchain/avr8/avr8-gnu-toolchain/bin/../lib/gcc/avr/5.4.0/../../../../avr/lib/avr5\libc.a(strcpy.o)
 .bss           0x00000000        0x0 c:/program files (x86)/atmel/studio/7.0/toolchain/avr8/avr8-gnu-toolchain/bin/../lib/gcc/avr/5.4.0/../../../../avr/lib/avr5\libc.a(strcpy.o)
 .text.avr-libc
                0x00000000        0xe c:/program files (x86)/atmel/studio/7.0/toolchain/avr8/avr8-gnu-toolchain/bin/../lib/gcc/avr/5.4.0/../../../../avr/lib/avr5\libc.a(strcpy.o)
 .text          0x00000000        0x0 c:/program files (x86)/atmel/studio/7.0/toolchain/avr8/avr8-gnu-toolchain/bin/../lib/gcc/avr/5.4.0/../../../../avr/lib/avr5\libc.a(iob.o)
 .data          0x00000000        0x0 c:/program files (x86)/atmel/studio/7.0/toolchain/avr8/avr8-gnu-toolchain/bin/../lib/gcc/avr/5.4.0/../../../../avr/lib/avr5\libc.a(iob.o)
 .bss           0x00000000        0x0 c:/program files (x86)/atmel/studio/7.0/toolchain/avr8/avr8-gnu-toolchain/bin/../lib/gcc/avr/5.4.0/../../../../avr/lib/avr5\libc.a(iob.o)
 .comment       0x00000000       0x31 c:/program files (x86)/atmel/studio/7.0/toolchain/avr8/avr8-gnu-toolchain/bin/../lib/gcc/avr/5.4.0/../../../../avr/lib/avr5\libc.a(iob.o)
 COMMON         0x00000000        0x6 c:/program files (x86)/atmel/studio/7.0/toolchain/avr8/avr8-gnu-toolchain/bin/../lib/gcc/avr/5.4.0/../../../../avr/lib/avr5\libc.a(iob.o)
 .text          0x00000000        0x0 c:/program files (x86)/atmel/studio/7.0/toolchain/avr8/avr8-gnu-toolchain/bin/../lib/gcc/avr/5.4.0/../../../../avr/lib/avr5\libc.a(puts.o)
 .data          0x00000000        0x0 c:/program files (x86)/atmel/studio/7.0/toolchain/avr8/avr8-gnu-toolchain/bin/../lib/gcc/avr/5.4.0/../../../../avr/lib/avr5\libc.a(puts.o)
 .bss           0x00000000        0x0 c:/program files (x86)/atmel/studio/7.0/toolchain/avr8/avr8-gnu-toolchain/bin/../lib/gcc/avr/5.4.0/../../../../avr/lib/avr5\libc.a(puts.o)
 .text.avr-libc
                0x00000000       0x60 c:/program files (x86)/atmel/studio/7.0/toolchain/avr8/avr8-gnu-toolchain/bin/../lib/gcc/avr/5.4.0/../../../../avr/lib/avr5\libc.a(puts.o)
 .comment       0x00000000       0x31 c:/program files (x86)/atmel/studio/7.0/toolchain/avr8/avr8-gnu-toolchain/bin/../lib/gcc/avr/5.4.0/../../../../avr/lib/avr5\libc.a(puts.o)
 .text          0x00000000        0x0 c:/program files (x86)/atmel/studio/7.0/toolchain/avr8/avr8-gnu-toolchain/bin/../lib/gcc/avr/5.4.0/../../../../avr/lib/avr5\libc.a(snprintf.o)
 .data          0x00000000        0x0 c:/program files (x86)/atmel/studio/7.0/toolchain/avr8/avr8-gnu-toolchain/bin/../lib/gcc/avr/5.4.0/../../../../avr/lib/avr5\libc.a(snprintf.o)
 .bss           0x00000000        0x0 c:/program files (x86)/atmel/studio/7.0/toolchain/avr8/avr8-gnu-toolchain/bin/../lib/gcc/avr/5.4.0/../../../../avr/lib/avr5\libc.a(snprintf.o)
 .text.avr-libc
                0x00000000       0x60 c:/program files (x86)/atmel/studio/7.0/toolchain/avr8/avr8-gnu-toolchain/bin/../lib/gcc/avr/5.4.0/../../../../avr/lib/avr5\libc.a(snprintf.o)
 .comment       0x00000000       0x31 c:/program files (x86)/atmel/studio/7.0/toolchain/avr8/avr8-gnu-toolchain/bin/../lib/gcc/avr/5.4.0/../../../../avr/lib/avr5\libc.a(snprintf.o)
 .text          0x00000000        0x0 c:/program files (x86)/atmel/studio/7.0/toolchain/avr8/avr8-gnu-toolchain/bin/../lib/gcc/avr/5.4.0/../../../../avr/lib/avr5\libc.a(sprintf.o)
 .data          0x00000000        0x0 c:/program files (x86)/atmel/studio/7.0/toolchain/avr8/avr8-gnu-toolchain/bin/../lib/gcc/avr/5.4.0/../../../../avr/lib/avr5\libc.a(sprintf.o)
 .bss           0x00000000        0x0 c:/program files (x86)/atmel/studio/7.0/toolchain/avr8/avr8-gnu-toolchain/bin/../lib/gcc/avr/5.4.0/../../../../avr/lib/avr5\libc.a(sprintf.o)
 .text          0x00000000        0x0 c:/program files (x86)/atmel/studio/7.0/toolchain/avr8/avr8-gnu-toolchain/bin/../lib/gcc/avr/5.4.0/../../../../avr/lib/avr5\libc.a(vfprintf_std.o)
 .data          0x00000000        0x0 c:/program files (x86)/atmel/studio/7.0/toolchain/avr8/avr8-gnu-toolchain/bin/../lib/gcc/avr/5.4.0/../../../../avr/lib/avr5\libc.a(vfprintf_std.o)
 .bss           0x00000000        0x0 c:/program files (x86)/atmel/studio/7.0/toolchain/avr8/avr8-gnu-toolchain/bin/../lib/gcc/avr/5.4.0/../../../../avr/lib/avr5\libc.a(vfprintf_std.o)
 .text          0x00000000        0x0 c:/program files (x86)/atmel/studio/7.0/toolchain/avr8/avr8-gnu-toolchain/bin/../lib/gcc/avr/5.4.0/../../../../avr/lib/avr5\libc.a(strnlen_P.o)
 .data          0x00000000        0x0 c:/program files (x86)/atmel/studio/7.0/toolchain/avr8/avr8-gnu-toolchain/bin/../lib/gcc/avr/5.4.0/../../../../avr/lib/avr5\libc.a(strnlen_P.o)
 .bss           0x00000000        0x0 c:/program files (x86)/atmel/studio/7.0/toolchain/avr8/avr8-gnu-toolchain/bin/../lib/gcc/avr/5.4.0/../../../../avr/lib/avr5\libc.a(strnlen_P.o)
 .text          0x00000000        0x0 c:/program files (x86)/atmel/studio/7.0/toolchain/avr8/avr8-gnu-toolchain/bin/../lib/gcc/avr/5.4.0/../../../../avr/lib/avr5\libc.a(strnlen.o)
 .data          0x00000000        0x0 c:/program files (x86)/atmel/studio/7.0/toolchain/avr8/avr8-gnu-toolchain/bin/../lib/gcc/avr/5.4.0/../../../../avr/lib/avr5\libc.a(strnlen.o)
 .bss           0x00000000        0x0 c:/program files (x86)/atmel/studio/7.0/toolchain/avr8/avr8-gnu-toolchain/bin/../lib/gcc/avr/5.4.0/../../../../avr/lib/avr5\libc.a(strnlen.o)
 .text          0x00000000        0x0 c:/program files (x86)/atmel/studio/7.0/toolchain/avr8/avr8-gnu-toolchain/bin/../lib/gcc/avr/5.4.0/../../../../avr/lib/avr5\libc.a(fputc.o)
 .data          0x00000000        0x0 c:/program files (x86)/atmel/studio/7.0/toolchain/avr8/avr8-gnu-toolchain/bin/../lib/gcc/avr/5.4.0/../../../../avr/lib/avr5\libc.a(fputc.o)
 .bss           0x00000000        0x0 c:/program files (x86)/atmel/studio/7.0/toolchain/avr8/avr8-gnu-toolchain/bin/../lib/gcc/avr/5.4.0/../../../../avr/lib/avr5\libc.a(fputc.o)
 .text          0x00000000        0x0 c:/program files (x86)/atmel/studio/7.0/toolchain/avr8/avr8-gnu-toolchain/bin/../lib/gcc/avr/5.4.0/../../../../avr/lib/avr5\libc.a(ultoa_invert.o)
 .data          0x00000000        0x0 c:/program files (x86)/atmel/studio/7.0/toolchain/avr8/avr8-gnu-toolchain/bin/../lib/gcc/avr/5.4.0/../../../../avr/lib/avr5\libc.a(ultoa_invert.o)
 .bss           0x00000000        0x0 c:/program files (x86)/atmel/studio/7.0/toolchain/avr8/avr8-gnu-toolchain/bin/../lib/gcc/avr/5.4.0/../../../../avr/lib/avr5\libc.a(ultoa_invert.o)
 .text          0x00000000        0x0 c:/program files (x86)/atmel/studio/7.0/toolchain/avr8/avr8-gnu-toolchain/bin/../lib/gcc/avr/5.4.0/avr5\libgcc.a(_divmodsi4.o)
 .data          0x00000000        0x0 c:/program files (x86)/atmel/studio/7.0/toolchain/avr8/avr8-gnu-toolchain/bin/../lib/gcc/avr/5.4.0/avr5\libgcc.a(_divmodsi4.o)
 .bss           0x00000000        0x0 c:/program files (x86)/atmel/studio/7.0/toolchain/avr8/avr8-gnu-toolchain/bin/../lib/gcc/avr/5.4.0/avr5\libgcc.a(_divmodsi4.o)
 .text.libgcc.mul
                0x00000000        0x0 c:/program files (x86)/atmel/studio/7.0/toolchain/avr8/avr8-gnu-toolchain/bin/../lib/gcc/avr/5.4.0/avr5\libgcc.a(_divmodsi4.o)
 .text.libgcc   0x00000000        0x0 c:/program files (x86)/atmel/studio/7.0/toolchain/avr8/avr8-gnu-toolchain/bin/../lib/gcc/avr/5.4.0/avr5\libgcc.a(_divmodsi4.o)
 .text.libgcc.prologue
                0x00000000        0x0 c:/program files (x86)/atmel/studio/7.0/toolchain/avr8/avr8-gnu-toolchain/bin/../lib/gcc/avr/5.4.0/avr5\libgcc.a(_divmodsi4.o)
 .text.libgcc.builtins
                0x00000000        0x0 c:/program files (x86)/atmel/studio/7.0/toolchain/avr8/avr8-gnu-toolchain/bin/../lib/gcc/avr/5.4.0/avr5\libgcc.a(_divmodsi4.o)
 .text.libgcc.fmul
                0x00000000        0x0 c:/program files (x86)/atmel/studio/7.0/toolchain/avr8/avr8-gnu-toolchain/bin/../lib/gcc/avr/5.4.0/avr5\libgcc.a(_divmodsi4.o)
 .text.libgcc.fixed
                0x00000000        0x0 c:/program files (x86)/atmel/studio/7.0/toolchain/avr8/avr8-gnu-toolchain/bin/../lib/gcc/avr/5.4.0/avr5\libgcc.a(_divmodsi4.o)
 .text          0x00000000        0x0 c:/program files (x86)/atmel/studio/7.0/toolchain/avr8/avr8-gnu-toolchain/bin/../lib/gcc/avr/5.4.0/avr5\libgcc.a(_negsi2.o)
 .data          0x00000000        0x0 c:/program files (x86)/atmel/studio/7.0/toolchain/avr8/avr8-gnu-toolchain/bin/../lib/gcc/avr/5.4.0/avr5\libgcc.a(_negsi2.o)
 .bss           0x00000000        0x0 c:/program files (x86)/atmel/studio/7.0/toolchain/avr8/avr8-gnu-toolchain/bin/../lib/gcc/avr/5.4.0/avr5\libgcc.a(_negsi2.o)
 .text.libgcc.mul
                0x00000000        0x0 c:/program files (x86)/atmel/studio/7.0/toolchain/avr8/avr8-gnu-toolchain/bin/../lib/gcc/avr/5.4.0/avr5\libgcc.a(_negsi2.o)
 .text.libgcc   0x00000000        0x0 c:/program files (x86)/atmel/studio/7.0/toolchain/avr8/avr8-gnu-toolchain/bin/../lib/gcc/avr/5.4.0/avr5\libgcc.a(_negsi2.o)
 .text.libgcc.prologue
                0x00000000        0x0 c:/program files (x86)/atmel/studio/7.0/toolchain/avr8/avr8-gnu-toolchain/bin/../lib/gcc/avr/5.4.0/avr5\libgcc.a(_negsi2.o)
 .text.libgcc.builtins
                0x00000000        0x0 c:/program files (x86)/atmel/studio/7.0/toolchain/avr8/avr8-gnu-toolchain/bin/../lib/gcc/avr/5.4.0/avr5\libgcc.a(_negsi2.o)
 .text.libgcc.fmul
                0x00000000        0x0 c:/program files (x86)/atmel/studio/7.0/toolchain/avr8/avr8-gnu-toolchain/bin/../lib/gcc/avr/5.4.0/avr5\libgcc.a(_negsi2.o)
 .text.libgcc.fixed
                0x00000000        0x0 c:/program files (x86)/atmel/studio/7.0/toolchain/avr8/avr8-gnu-toolchain/bin/../lib/gcc/avr/5.4.0/avr5\libgcc.a(_negsi2.o)
 .text          0x00000000        0x0 c:/program files (x86)/atmel/studio/7.0/toolchain/avr8/avr8-gnu-toolchain/bin/../lib/gcc/avr/5.4.0/avr5\libgcc.a(_muluhisi3.o)
 .data          0x00000000        0x0 c:/program files (x86)/atmel/studio/7.0/toolchain/avr8/avr8-gnu-toolchain/bin/../lib/gcc/avr/5.4.0/avr5\libgcc.a(_muluhisi3.o)
 .bss           0x00000000        0x0 c:/program files (x86)/atmel/studio/7.0/toolchain/avr8/avr8-gnu-toolchain/bin/../lib/gcc/avr/5.4.0/avr5\libgcc.a(_muluhisi3.o)
 .text.libgcc.div
                0x00000000        0x0 c:/program files (x86)/atmel/studio/7.0/toolchain/avr8/avr8-gnu-toolchain/bin/../lib/gcc/avr/5.4.0/avr5\libgcc.a(_muluhisi3.o)
 .text.libgcc   0x00000000        0x0 c:/program files (x86)/atmel/studio/7.0/toolchain/avr8/avr8-gnu-toolchain/bin/../lib/gcc/avr/5.4.0/avr5\libgcc.a(_muluhisi3.o)
 .text.libgcc.prologue
                0x00000000        0x0 c:/program files (x86)/atmel/studio/7.0/toolchain/avr8/avr8-gnu-toolchain/bin/../lib/gcc/avr/5.4.0/avr5\libgcc.a(_muluhisi3.o)
 .text.libgcc.builtins
                0x00000000        0x0 c:/program files (x86)/atmel/studio/7.0/toolchain/avr8/avr8-gnu-toolchain/bin/../lib/gcc/avr/5.4.0/avr5\libgcc.a(_muluhisi3.o)
 .text.libgcc.fmul
                0x00000000        0x0 c:/program files (x86)/atmel/studio/7.0/toolchain/avr8/avr8-gnu-toolchain/bin/../lib/gcc/avr/5.4.0/avr5\libgcc.a(_muluhisi3.o)
 .text.libgcc.fixed
                0x00000000        0x0 c:/program files (x86)/atmel/studio/7.0/toolchain/avr8/avr8-gnu-toolchain/bin/../lib/gcc/avr/5.4.0/avr5\libgcc.a(_muluhisi3.o)
 .text          0x00000000        0x0 c:/program files (x86)/atmel/studio/7.0/toolchain/avr8/avr8-gnu-toolchain/bin/../lib/gcc/avr/5.4.0/avr5\libgcc.a(_mulshisi3.o)
 .data          0x00000000        0x0 c:/program files (x86)/atmel/studio/7.0/toolchain/avr8/avr8-gnu-toolchain/bin/../lib/gcc/avr/5.4.0/avr5\libgcc.a(_mulshisi3.o)
 .bss           0x00000000        0x0 c:/program files (x86)/atmel/studio/7.0/toolchain/avr8/avr8-gnu-toolchain/bin/../lib/gcc/avr/5.4.0/avr5\libgcc.a(_mulshisi3.o)
 .text.libgcc.div
                0x00000000        0x0 c:/program files (x86)/atmel/studio/7.0/toolchain/avr8/avr8-gnu-toolchain/bin/../lib/gcc/avr/5.4.0/avr5\libgcc.a(_mulshisi3.o)
 .text.libgcc   0x00000000        0x0 c:/program files (x86)/atmel/studio/7.0/toolchain/avr8/avr8-gnu-toolchain/bin/../lib/gcc/avr/5.4.0/avr5\libgcc.a(_mulshisi3.o)
 .text.libgcc.prologue
                0x00000000        0x0 c:/program files (x86)/atmel/studio/7.0/toolchain/avr8/avr8-gnu-toolchain/bin/../lib/gcc/avr/5.4.0/avr5\libgcc.a(_mulshisi3.o)
 .text.libgcc.builtins
                0x00000000        0x0 c:/program files (x86)/atmel/studio/7.0/toolchain/avr8/avr8-gnu-toolchain/bin/../lib/gcc/avr/5.4.0/avr5\libgcc.a(_mulshisi3.o)
 .text.libgcc.fmul
                0x00000000        0x0 c:/program files (x86)/atmel/studio/7.0/toolchain/avr8/avr8-gnu-toolchain/bin/../lib/gcc/avr/5.4.0/avr5\libgcc.a(_mulshisi3.o)
 .text.libgcc.fixed
                0x00000000        0x0 c:/program files (x86)/atmel/studio/7.0/toolchain/avr8/avr8-gnu-toolchain/bin/../lib/gcc/avr/5.4.0/avr5\libgcc.a(_mulshisi3.o)
 .text          0x00000000        0x0 c:/program files (x86)/atmel/studio/7.0/toolchain/avr8/avr8-gnu-toolchain/bin/../lib/gcc/avr/5.4.0/avr5\libgcc.a(_prologue.o)
 .data          0x00000000        0x0 c:/program files (x86)/atmel/studio/7.0/toolchain/avr8/avr8-gnu-toolchain/bin/../lib/gcc/avr/5.4.0/avr5\libgcc.a(_prologue.o)
 .bss           0x00000000        0x0 c:/program files (x86)/atmel/studio/7.0/toolchain/avr8/avr8-gnu-toolchain/bin/../lib/gcc/avr/5.4.0/avr5\libgcc.a(_prologue.o)
 .text.libgcc.mul
                0x00000000        0x0 c:/program files (x86)/atmel/studio/7.0/toolchain/avr8/avr8-gnu-toolchain/bin/../lib/gcc/avr/5.4.0/avr5\libgcc.a(_prologue.o)
 .text.libgcc.div
                0x00000000        0x0 c:/program files (x86)/atmel/studio/7.0/toolchain/avr8/avr8-gnu-toolchain/bin/../lib/gcc/avr/5.4.0/avr5\libgcc.a(_prologue.o)
 .text.libgcc   0x00000000        0x0 c:/program files (x86)/atmel/studio/7.0/toolchain/avr8/avr8-gnu-toolchain/bin/../lib/gcc/avr/5.4.0/avr5\libgcc.a(_prologue.o)
 .text.libgcc.builtins
                0x00000000        0x0 c:/program files (x86)/atmel/studio/7.0/toolchain/avr8/avr8-gnu-toolchain/bin/../lib/gcc/avr/5.4.0/avr5\libgcc.a(_prologue.o)
 .text.libgcc.fmul
                0x00000000        0x0 c:/program files (x86)/atmel/studio/7.0/toolchain/avr8/avr8-gnu-toolchain/bin/../lib/gcc/avr/5.4.0/avr5\libgcc.a(_prologue.o)
 .text.libgcc.fixed
                0x00000000        0x0 c:/program files (x86)/atmel/studio/7.0/toolchain/avr8/avr8-gnu-toolchain/bin/../lib/gcc/avr/5.4.0/avr5\libgcc.a(_prologue.o)
 .text          0x00000000        0x0 c:/program files (x86)/atmel/studio/7.0/toolchain/avr8/avr8-gnu-toolchain/bin/../lib/gcc/avr/5.4.0/avr5\libgcc.a(_epilogue.o)
 .data          0x00000000        0x0 c:/program files (x86)/atmel/studio/7.0/toolchain/avr8/avr8-gnu-toolchain/bin/../lib/gcc/avr/5.4.0/avr5\libgcc.a(_epilogue.o)
 .bss           0x00000000        0x0 c:/program files (x86)/atmel/studio/7.0/toolchain/avr8/avr8-gnu-toolchain/bin/../lib/gcc/avr/5.4.0/avr5\libgcc.a(_epilogue.o)
 .text.libgcc.mul
                0x00000000        0x0 c:/program files (x86)/atmel/studio/7.0/toolchain/avr8/avr8-gnu-toolchain/bin/../lib/gcc/avr/5.4.0/avr5\libgcc.a(_epilogue.o)
 .text.libgcc.div
                0x00000000        0x0 c:/program files (x86)/atmel/studio/7.0/toolchain/avr8/avr8-gnu-toolchain/bin/../lib/gcc/avr/5.4.0/avr5\libgcc.a(_epilogue.o)
 .text.libgcc   0x00000000        0x0 c:/program files (x86)/atmel/studio/7.0/toolchain/avr8/avr8-gnu-toolchain/bin/../lib/gcc/avr/5.4.0/avr5\libgcc.a(_epilogue.o)
 .text.libgcc.builtins
                0x00000000        0x0 c:/program files (x86)/atmel/studio/7.0/toolchain/avr8/avr8-gnu-toolchain/bin/../lib/gcc/avr/5.4.0/avr5\libgcc.a(_epilogue.o)
 .text.libgcc.fmul
                0x00000000        0x0 c:/program files (x86)/atmel/studio/7.0/toolchain/avr8/avr8-gnu-toolchain/bin/../lib/gcc/avr/5.4.0/avr5\libgcc.a(_epilogue.o)
 .text.libgcc.fixed
                0x00000000        0x0 c:/program files (x86)/atmel/studio/7.0/toolchain/avr8/avr8-gnu-toolchain/bin/../lib/gcc/avr/5.4.0/avr5\libgcc.a(_epilogue.o)
 .text          0x00000000        0x0 c:/program files (x86)/atmel/studio/7.0/toolchain/avr8/avr8-gnu-toolchain/bin/../lib/gcc/avr/5.4.0/avr5\libgcc.a(_udivmodsi4.o)
 .data          0x00000000        0x0 c:/program files (x86)/atmel/studio/7.0/toolchain/avr8/avr8-gnu-toolchain/bin/../lib/gcc/avr/5.4.0/avr5\libgcc.a(_udivmodsi4.o)
 .bss           0x00000000        0x0 c:/program files (x86)/atmel/studio/7.0/toolchain/avr8/avr8-gnu-toolchain/bin/../lib/gcc/avr/5.4.0/avr5\libgcc.a(_udivmodsi4.o)
 .text.libgcc.mul
                0x00000000        0x0 c:/program files (x86)/atmel/studio/7.0/toolchain/avr8/avr8-gnu-toolchain/bin/../lib/gcc/avr/5.4.0/avr5\libgcc.a(_udivmodsi4.o)
 .text.libgcc   0x00000000        0x0 c:/program files (x86)/atmel/studio/7.0/toolchain/avr8/avr8-gnu-toolchain/bin/../lib/gcc/avr/5.4.0/avr5\libgcc.a(_udivmodsi4.o)
 .text.libgcc.prologue
                0x00000000        0x0 c:/program files (x86)/atmel/studio/7.0/toolchain/avr8/avr8-gnu-toolchain/bin/../lib/gcc/avr/5.4.0/avr5\libgcc.a(_udivmodsi4.o)
 .text.libgcc.builtins
                0x00000000        0x0 c:/program files (x86)/atmel/studio/7.0/toolchain/avr8/avr8-gnu-toolchain/bin/../lib/gcc/avr/5.4.0/avr5\libgcc.a(_udivmodsi4.o)
 .text.libgcc.fmul
                0x00000000        0x0 c:/program files (x86)/atmel/studio/7.0/toolchain/avr8/avr8-gnu-toolchain/bin/../lib/gcc/avr/5.4.0/avr5\libgcc.a(_udivmodsi4.o)
 .text.libgcc.fixed
                0x00000000        0x0 c:/program files (x86)/atmel/studio/7.0/toolchain/avr8/avr8-gnu-toolchain/bin/../lib/gcc/avr/5.4.0/avr5\libgcc.a(_udivmodsi4.o)
 .text          0x00000000        0x0 c:/program files (x86)/atmel/studio/7.0/toolchain/avr8/avr8-gnu-toolchain/bin/../lib/gcc/avr/5.4.0/avr5\libgcc.a(_umulhisi3.o)
 .data          0x00000000        0x0 c:/program files (x86)/atmel/studio/7.0/toolchain/avr8/avr8-gnu-toolchain/bin/../lib/gcc/avr/5.4.0/avr5\libgcc.a(_umulhisi3.o)
 .bss           0x00000000        0x0 c:/program files (x86)/atmel/studio/7.0/toolchain/avr8/avr8-gnu-toolchain/bin/../lib/gcc/avr/5.4.0/avr5\libgcc.a(_umulhisi3.o)
 .text.libgcc.div
                0x00000000        0x0 c:/program files (x86)/atmel/studio/7.0/toolchain/avr8/avr8-gnu-toolchain/bin/../lib/gcc/avr/5.4.0/avr5\libgcc.a(_umulhisi3.o)
 .text.libgcc   0x00000000        0x0 c:/program files (x86)/atmel/studio/7.0/toolchain/avr8/avr8-gnu-toolchain/bin/../lib/gcc/avr/5.4.0/avr5\libgcc.a(_umulhisi3.o)
 .text.libgcc.prologue
                0x00000000        0x0 c:/program files (x86)/atmel/studio/7.0/toolchain/avr8/avr8-gnu-toolchain/bin/../lib/gcc/avr/5.4.0/avr5\libgcc.a(_umulhisi3.o)
 .text.libgcc.builtins
                0x00000000        0x0 c:/program files (x86)/atmel/studio/7.0/toolchain/avr8/avr8-gnu-toolchain/bin/../lib/gcc/avr/5.4.0/avr5\libgcc.a(_umulhisi3.o)
 .text.libgcc.fmul
                0x00000000        0x0 c:/program files (x86)/atmel/studio/7.0/toolchain/avr8/avr8-gnu-toolchain/bin/../lib/gcc/avr/5.4.0/avr5\libgcc.a(_umulhisi3.o)
 .text.libgcc.fixed
                0x00000000        0x0 c:/program files (x86)/atmel/studio/7.0/toolchain/avr8/avr8-gnu-toolchain/bin/../lib/gcc/avr/5.4.0/avr5\libgcc.a(_umulhisi3.o)

Memory Configuration

Name             Origin             Length             Attributes
text             0x00000000         0x00020000         xr
data             0x00800060         0x0000ffa0         rw !x
eeprom           0x00810000         0x00010000         rw !x
fuse             0x00820000         0x00000400         rw !x
lock             0x00830000         0x00000400         rw !x
signature        0x00840000         0x00000400         rw !x
user_signatures  0x00850000         0x00000400         rw !x
*default*        0x00000000         0xffffffff

Linker script and memory map

Address of section .data set to 0x800100
LOAD C:/Program Files (x86)/Atmel/Studio/7.0/Packs/atmel/ATmega_DFP/1.0.106/gcc/dev/atmega328p/avr5/crtatmega328p.o
LOAD FreeRTOS_Source/source/croutine.o
LOAD FreeRTOS_Source/source/event_groups.o
LOAD FreeRTOS_Source/source/list.o
LOAD FreeRTOS_Source/source/portable/heap_1.o
LOAD FreeRTOS_Source/source/portable/port.o
LOAD FreeRTOS_Source/source/queue.o
LOAD FreeRTOS_Source/source/tasks.o
LOAD FreeRTOS_Source/source/timers.o
LOAD Blink_LEDs_Tasks.o
START GROUP
LOAD c:/program files (x86)/atmel/studio/7.0/toolchain/avr8/avr8-gnu-toolchain/bin/../lib/gcc/avr/5.4.0/../../../../avr/lib/avr5\libm.a
END GROUP
START GROUP
LOAD c:/program files (x86)/atmel/studio/7.0/toolchain/avr8/avr8-gnu-toolchain/bin/../lib/gcc/avr/5.4.0/avr5\libgcc.a
LOAD c:/program files (x86)/atmel/studio/7.0/toolchain/avr8/avr8-gnu-toolchain/bin/../lib/gcc/avr/5.4.0/../../../../avr/lib/avr5\libm.a
LOAD c:/program files (x86)/atmel/studio/7.0/toolchain/avr8/avr8-gnu-toolchain/bin/../lib/gcc/avr/5.4.0/../../../../avr/lib/avr5\libc.a
LOAD C:/Program Files (x86)/Atmel/Studio/7.0/Packs/atmel/ATmega_DFP/1.0.106/gcc/dev/atmega328p/avr5\libatmega328p.a
END GROUP
                0x00020000                __TEXT_REGION_LENGTH__ = DEFINED (__TEXT_REGION_LENGTH__)?__TEXT_REGION_LENGTH__:0x20000
                0x0000ffa0                __DATA_REGION_LENGTH__ = DEFINED (__DATA_REGION_LENGTH__)?__DATA_REGION_LENGTH__:0xffa0
                0x00010000                __EEPROM_REGION_LENGTH__ = DEFINED (__EEPROM_REGION_LENGTH__)?__EEPROM_REGION_LENGTH__:0x10000
                0x00000400                __FUSE_REGION_LENGTH__ = DEFINED (__FUSE_REGION_LENGTH__)?__FUSE_REGION_LENGTH__:0x400
                0x00000400                __LOCK_REGION_LENGTH__ = DEFINED (__LOCK_REGION_LENGTH__)?__LOCK_REGION_LENGTH__:0x400
                0x00000400                __SIGNATURE_REGION_LENGTH__ = DEFINED (__SIGNATURE_REGION_LENGTH__)?__SIGNATURE_REGION_LENGTH__:0x400
                0x00000400                __USER_SIGNATURE_REGION_LENGTH__ = DEFINED (__USER_SIGNATURE_REGION_LENGTH__)?__USER_SIGNATURE_REGION_LENGTH__:0x400

.hash
 *(.hash)

.dynsym
 *(.dynsym)

.dynstr
 *(.dynstr)

.gnu.version
 *(.gnu.version)

.gnu.version_d
 *(.gnu.version_d)

.gnu.version_r
 *(.gnu.version_r)

.rel.init
 *(.rel.init)

.rela.init
 *(.rela.init)

.rel.text
 *(.rel.text)
 *(.rel.text.*)
 *(.rel.gnu.linkonce.t*)

.rela.text
 *(.rela.text)
 *(.rela.text.*)
 *(.rela.gnu.linkonce.t*)

.rel.fini
 *(.rel.fini)

.rela.fini
 *(.rela.fini)

.rel.rodata
 *(.rel.rodata)
 *(.rel.rodata.*)
 *(.rel.gnu.linkonce.r*)

.rela.rodata
 *(.rela.rodata)
 *(.rela.rodata.*)
 *(.rela.gnu.linkonce.r*)

.rel.data
 *(.rel.data)
 *(.rel.data.*)
 *(.rel.gnu.linkonce.d*)

.rela.data
 *(.rela.data)
 *(.rela.data.*)
 *(.rela.gnu.linkonce.d*)

.rel.ctors
 *(.rel.ctors)

.rela.ctors
 *(.rela.ctors)

.rel.dtors
 *(.rel.dtors)

.rela.dtors
 *(.rela.dtors)

.rel.got
 *(.rel.got)

.rela.got
 *(.rela.got)

.rel.bss
 *(.rel.bss)

.rela.bss
 *(.rela.bss)

.rel.plt
 *(.rel.plt)

.rela.plt
 *(.rela.plt)

.text           0x00000000     0x1678
 *(.vectors)
 .vectors       0x00000000       0x68 C:/Program Files (x86)/Atmel/Studio/7.0/Packs/atmel/ATmega_DFP/1.0.106/gcc/dev/atmega328p/avr5/crtatmega328p.o
                0x00000000                __vector_default
                0x00000000                __vectors
 *(.vectors)
 *(.progmem.gcc*)
                0x00000068                . = ALIGN (0x2)
                0x00000068                __trampolines_start = .
 *(.trampolines)
 .trampolines   0x00000068        0x0 linker stubs
 *(.trampolines*)
                0x00000068                __trampolines_end = .
 *libprintf_flt.a:*(.progmem.data)
 *libc.a:*(.progmem.data)
 *(.progmem*)
                0x00000068                . = ALIGN (0x2)
 *(.jumptables)
 *(.jumptables*)
 *(.lowtext)
 *(.lowtext*)
                0x00000068                __ctors_start = .
 *(.ctors)
                0x00000068                __ctors_end = .
                0x00000068                __dtors_start = .
 *(.dtors)
                0x00000068                __dtors_end = .
 SORT(*)(.ctors)
 SORT(*)(.dtors)
 *(.init0)
 .init0         0x00000068        0x0 C:/Program Files (x86)/Atmel/Studio/7.0/Packs/atmel/ATmega_DFP/1.0.106/gcc/dev/atmega328p/avr5/crtatmega328p.o
                0x00000068                __init
 *(.init0)
 *(.init1)
 *(.init1)
 *(.init2)
 .init2         0x00000068        0xc C:/Program Files (x86)/Atmel/Studio/7.0/Packs/atmel/ATmega_DFP/1.0.106/gcc/dev/atmega328p/avr5/crtatmega328p.o
 *(.init2)
 *(.init3)
 *(.init3)
 *(.init4)
 .init4         0x00000074       0x16 c:/program files (x86)/atmel/studio/7.0/toolchain/avr8/avr8-gnu-toolchain/bin/../lib/gcc/avr/5.4.0/avr5\libgcc.a(_copy_data.o)
                0x00000074                __do_copy_data
 .init4         0x0000008a       0x10 c:/program files (x86)/atmel/studio/7.0/toolchain/avr8/avr8-gnu-toolchain/bin/../lib/gcc/avr/5.4.0/avr5\libgcc.a(_clear_bss.o)
                0x0000008a                __do_clear_bss
 *(.init4)
 *(.init5)
 *(.init5)
 *(.init6)
 *(.init6)
 *(.init7)
 *(.init7)
 *(.init8)
 *(.init8)
 *(.init9)
 .init9         0x0000009a        0x8 C:/Program Files (x86)/Atmel/Studio/7.0/Packs/atmel/ATmega_DFP/1.0.106/gcc/dev/atmega328p/avr5/crtatmega328p.o
 *(.init9)
 *(.text)
 .text          0x000000a2        0x4 C:/Program Files (x86)/Atmel/Studio/7.0/Packs/atmel/ATmega_DFP/1.0.106/gcc/dev/atmega328p/avr5/crtatmega328p.o
                0x000000a2                __vector_22
                0x000000a2                __vector_1
                0x000000a2                __vector_24
                0x000000a2                __vector_12
                0x000000a2                __bad_interrupt
                0x000000a2                __vector_6
                0x000000a2                __vector_3
                0x000000a2                __vector_23
                0x000000a2                __vector_25
                0x000000a2                __vector_13
                0x000000a2                __vector_17
                0x000000a2                __vector_19
                0x000000a2                __vector_7
                0x000000a2                __vector_5
                0x000000a2                __vector_4
                0x000000a2                __vector_9
                0x000000a2                __vector_2
                0x000000a2                __vector_21
                0x000000a2                __vector_15
                0x000000a2                __vector_8
                0x000000a2                __vector_14
                0x000000a2                __vector_10
                0x000000a2                __vector_16
                0x000000a2                __vector_18
                0x000000a2                __vector_20
                0x000000a6                . = ALIGN (0x2)
 *(.text.*)
 .text.vListInitialise
                0x000000a6       0x1c FreeRTOS_Source/source/list.o
                0x000000a6                vListInitialise
 .text.vListInitialiseItem
                0x000000c2        0x8 FreeRTOS_Source/source/list.o
                0x000000c2                vListInitialiseItem
 .text.vListInsertEnd
                0x000000ca       0x42 FreeRTOS_Source/source/list.o
                0x000000ca                vListInsertEnd
 .text.uxListRemove
                0x0000010c       0x4c FreeRTOS_Source/source/list.o
                0x0000010c                uxListRemove
 .text.pvPortMalloc
                0x00000158      0x134 FreeRTOS_Source/source/portable/heap_1.o
                0x00000158                pvPortMalloc
 .text.vPortFree
                0x0000028c       0x66 FreeRTOS_Source/source/portable/heap_1.o
                0x0000028c                vPortFree
 .text.xPortGetFreeHeapSize
                0x000002f2        0xa FreeRTOS_Source/source/portable/heap_1.o
                0x000002f2                xPortGetFreeHeapSize
 .text.pxPortInitialiseStack
                0x000002fc       0xd8 FreeRTOS_Source/source/portable/port.o
                0x000002fc                pxPortInitialiseStack
 .text.xPortStartScheduler
                0x000003d4       0x80 FreeRTOS_Source/source/portable/port.o
                0x000003d4                xPortStartScheduler
 .text.vPortYield
                0x00000454       0xb2 FreeRTOS_Source/source/portable/port.o
                0x00000454                vPortYield
 .text.vPortYieldFromTick
                0x00000506       0xb6 FreeRTOS_Source/source/portable/port.o
                0x00000506                vPortYieldFromTick
 .text.__vector_11
                0x000005bc        0x6 FreeRTOS_Source/source/portable/port.o
                0x000005bc                __vector_11
 .text.prvResetNextTaskUnblockTime
                0x000005c2       0x3e FreeRTOS_Source/source/tasks.o
 .text.xTaskCreate
                0x00000600      0x230 FreeRTOS_Source/source/tasks.o
                0x00000600                xTaskCreate
 .text.vTaskStartScheduler
                0x00000830       0x54 FreeRTOS_Source/source/tasks.o
                0x00000830                vTaskStartScheduler
 .text.vTaskSuspendAll
                0x00000884        0xc FreeRTOS_Source/source/tasks.o
                0x00000884                vTaskSuspendAll
 .text.uxTaskGetNumberOfTasks
                0x00000890        0x6 FreeRTOS_Source/source/tasks.o
                0x00000890                uxTaskGetNumberOfTasks
 .text.xTaskIncrementTick
                0x00000896      0x176 FreeRTOS_Source/source/tasks.o
                0x00000896                xTaskIncrementTick
 .text.xTaskResumeAll
                0x00000a0c       0xfe FreeRTOS_Source/source/tasks.o
                0x00000a0c                xTaskResumeAll
 .text.prvIdleTask
                0x00000b0a       0x66 FreeRTOS_Source/source/tasks.o
 .text.vTaskSwitchContext
                0x00000b70       0xcc FreeRTOS_Source/source/tasks.o
                0x00000b70                vTaskSwitchContext
 .text.SetupPorts
                0x00000c3c       0x1a Blink_LEDs_Tasks.o
                0x00000c3c                SetupPorts
 .text.msDelay  0x00000c56       0x22 Blink_LEDs_Tasks.o
                0x00000c56                msDelay
 .text.MalProg  0x00000c78       0x4c Blink_LEDs_Tasks.o
                0x00000c78                MalProg
 .text.PulseEnableLine
                0x00000cc4        0xe Blink_LEDs_Tasks.o
                0x00000cc4                PulseEnableLine
 .text.SendNibble
                0x00000cd2       0x1e Blink_LEDs_Tasks.o
                0x00000cd2                SendNibble
 .text.SendByte
                0x00000cf0       0x16 Blink_LEDs_Tasks.o
                0x00000cf0                SendByte
 .text.uart_init
                0x00000d06       0x18 Blink_LEDs_Tasks.o
                0x00000d06                uart_init
 .text.serialWrite
                0x00000d1e       0x10 Blink_LEDs_Tasks.o
                0x00000d1e                serialWrite
 .text.LCD_Cmd  0x00000d2e        0x8 Blink_LEDs_Tasks.o
                0x00000d2e                LCD_Cmd
 .text.LCD_Char
                0x00000d36       0x14 Blink_LEDs_Tasks.o
                0x00000d36                LCD_Char
 .text.LCD_Init
                0x00000d4a       0x2e Blink_LEDs_Tasks.o
                0x00000d4a                LCD_Init
 .text.LCD_Clear
                0x00000d78       0x10 Blink_LEDs_Tasks.o
                0x00000d78                LCD_Clear
 .text.LCD_Message
                0x00000d88       0x26 Blink_LEDs_Tasks.o
                0x00000d88                LCD_Message
 .text.Itoa     0x00000dae       0x46 Blink_LEDs_Tasks.o
                0x00000dae                Itoa
 .text.Stats    0x00000df4       0x4e Blink_LEDs_Tasks.o
                0x00000df4                Stats
 .text.main     0x00000e42       0x80 Blink_LEDs_Tasks.o
                0x00000e42                main
 .text.vApplicationIdleHook
                0x00000ec2        0x2 Blink_LEDs_Tasks.o
                0x00000ec2                vApplicationIdleHook
 .text.libgcc.div
                0x00000ec4       0x28 c:/program files (x86)/atmel/studio/7.0/toolchain/avr8/avr8-gnu-toolchain/bin/../lib/gcc/avr/5.4.0/avr5\libgcc.a(_divmodhi4.o)
                0x00000ec4                _div
                0x00000ec4                __divmodhi4
 .text.libgcc.div
                0x00000eec       0x28 c:/program files (x86)/atmel/studio/7.0/toolchain/avr8/avr8-gnu-toolchain/bin/../lib/gcc/avr/5.4.0/avr5\libgcc.a(_udivmodhi4.o)
                0x00000eec                __udivmodhi4
 .text.avr-libc
                0x00000f14       0xb8 c:/program files (x86)/atmel/studio/7.0/toolchain/avr8/avr8-gnu-toolchain/bin/../lib/gcc/avr/5.4.0/../../../../avr/lib/avr5\libc.a(rand.o)
                0x00000fa6                rand_r
                0x00000fac                rand
                0x00000fb6                srand
 .text.avr-libc
                0x00000fcc        0xe c:/program files (x86)/atmel/studio/7.0/toolchain/avr8/avr8-gnu-toolchain/bin/../lib/gcc/avr/5.4.0/../../../../avr/lib/avr5\libc.a(memset.o)
                0x00000fcc                memset
 .text.avr-libc
                0x00000fda       0x44 c:/program files (x86)/atmel/studio/7.0/toolchain/avr8/avr8-gnu-toolchain/bin/../lib/gcc/avr/5.4.0/../../../../avr/lib/avr5\libc.a(sprintf.o)
                0x00000fda                sprintf
 .text.avr-libc
                0x0000101e      0x3c2 c:/program files (x86)/atmel/studio/7.0/toolchain/avr8/avr8-gnu-toolchain/bin/../lib/gcc/avr/5.4.0/../../../../avr/lib/avr5\libc.a(vfprintf_std.o)
                0x0000101e                vfprintf
 .text.avr-libc
                0x000013e0       0x16 c:/program files (x86)/atmel/studio/7.0/toolchain/avr8/avr8-gnu-toolchain/bin/../lib/gcc/avr/5.4.0/../../../../avr/lib/avr5\libc.a(strnlen_P.o)
                0x000013e0                strnlen_P
 .text.avr-libc
                0x000013f6       0x16 c:/program files (x86)/atmel/studio/7.0/toolchain/avr8/avr8-gnu-toolchain/bin/../lib/gcc/avr/5.4.0/../../../../avr/lib/avr5\libc.a(strnlen.o)
                0x000013f6                strnlen
 .text.avr-libc
                0x0000140c       0x78 c:/program files (x86)/atmel/studio/7.0/toolchain/avr8/avr8-gnu-toolchain/bin/../lib/gcc/avr/5.4.0/../../../../avr/lib/avr5\libc.a(fputc.o)
                0x0000140c                fputc
 .text.avr-libc
                0x00001484       0xbc c:/program files (x86)/atmel/studio/7.0/toolchain/avr8/avr8-gnu-toolchain/bin/../lib/gcc/avr/5.4.0/../../../../avr/lib/avr5\libc.a(ultoa_invert.o)
                0x00001484                __ultoa_invert
 .text.libgcc.div
                0x00001540       0x2e c:/program files (x86)/atmel/studio/7.0/toolchain/avr8/avr8-gnu-toolchain/bin/../lib/gcc/avr/5.4.0/avr5\libgcc.a(_divmodsi4.o)
                0x00001540                __divmodsi4
 .text.libgcc.div
                0x0000156e       0x10 c:/program files (x86)/atmel/studio/7.0/toolchain/avr8/avr8-gnu-toolchain/bin/../lib/gcc/avr/5.4.0/avr5\libgcc.a(_negsi2.o)
                0x0000156e                __negsi2
 .text.libgcc.mul
                0x0000157e       0x16 c:/program files (x86)/atmel/studio/7.0/toolchain/avr8/avr8-gnu-toolchain/bin/../lib/gcc/avr/5.4.0/avr5\libgcc.a(_muluhisi3.o)
                0x0000157e                __muluhisi3
 .text.libgcc.mul
                0x00001594       0x10 c:/program files (x86)/atmel/studio/7.0/toolchain/avr8/avr8-gnu-toolchain/bin/../lib/gcc/avr/5.4.0/avr5\libgcc.a(_mulshisi3.o)
                0x00001594                __mulshisi3
                0x0000159a                __mulohisi3
 .text.libgcc.prologue
                0x000015a4       0x38 c:/program files (x86)/atmel/studio/7.0/toolchain/avr8/avr8-gnu-toolchain/bin/../lib/gcc/avr/5.4.0/avr5\libgcc.a(_prologue.o)
                0x000015a4                __prologue_saves__
 .text.libgcc.prologue
                0x000015dc       0x36 c:/program files (x86)/atmel/studio/7.0/toolchain/avr8/avr8-gnu-toolchain/bin/../lib/gcc/avr/5.4.0/avr5\libgcc.a(_epilogue.o)
                0x000015dc                __epilogue_restores__
 .text.libgcc.div
                0x00001612       0x44 c:/program files (x86)/atmel/studio/7.0/toolchain/avr8/avr8-gnu-toolchain/bin/../lib/gcc/avr/5.4.0/avr5\libgcc.a(_udivmodsi4.o)
                0x00001612                __udivmodsi4
 .text.libgcc.mul
                0x00001656       0x1e c:/program files (x86)/atmel/studio/7.0/toolchain/avr8/avr8-gnu-toolchain/bin/../lib/gcc/avr/5.4.0/avr5\libgcc.a(_umulhisi3.o)
                0x00001656                __umulhisi3
                0x00001674                . = ALIGN (0x2)
 *(.fini9)
 .fini9         0x00001674        0x0 c:/program files (x86)/atmel/studio/7.0/toolchain/avr8/avr8-gnu-toolchain/bin/../lib/gcc/avr/5.4.0/avr5\libgcc.a(_exit.o)
                0x00001674                _exit
                0x00001674                exit
 *(.fini9)
 *(.fini8)
 *(.fini8)
 *(.fini7)
 *(.fini7)
 *(.fini6)
 *(.fini6)
 *(.fini5)
 *(.fini5)
 *(.fini4)
 *(.fini4)
 *(.fini3)
 *(.fini3)
 *(.fini2)
 *(.fini2)
 *(.fini1)
 *(.fini1)
 *(.fini0)
 .fini0         0x00001674        0x4 c:/program files (x86)/atmel/studio/7.0/toolchain/avr8/avr8-gnu-toolchain/bin/../lib/gcc/avr/5.4.0/avr5\libgcc.a(_exit.o)
 *(.fini0)
                0x00001678                _etext = .

.data           0x00800100      0x14c load address 0x00001678
                0x00800100                PROVIDE (__data_start, .)
 *(.data)
 .data          0x00800100        0x4 c:/program files (x86)/atmel/studio/7.0/toolchain/avr8/avr8-gnu-toolchain/bin/../lib/gcc/avr/5.4.0/../../../../avr/lib/avr5\libc.a(rand.o)
 *(.data*)
 .data.xFreeBytesRemaining
                0x00800104        0x2 FreeRTOS_Source/source/portable/heap_1.o
 *(.gnu.linkonce.d*)
 *(.rodata)
 *(.rodata*)
 .rodata.str1.1
                0x00800106       0x14 FreeRTOS_Source/source/tasks.o
 .rodata.str1.1
                0x0080011a      0x132 Blink_LEDs_Tasks.o
                                0x137 (size before relaxing)
 *(.gnu.linkonce.r*)
                0x0080024c                . = ALIGN (0x2)
                0x0080024c                _edata = .
                0x0080024c                PROVIDE (__data_end, .)

.bss            0x0080024c      0x64f
                0x0080024c                PROVIDE (__bss_start, .)
 *(.bss)
 *(.bss*)
 .bss.xHeapHasBeenInitialised.2090
                0x0080024c        0x1 FreeRTOS_Source/source/portable/heap_1.o
 .bss.xEnd      0x0080024d        0x4 FreeRTOS_Source/source/portable/heap_1.o
 .bss.xStart    0x00800251        0x4 FreeRTOS_Source/source/portable/heap_1.o
 .bss.ucHeap    0x00800255      0x5dc FreeRTOS_Source/source/portable/heap_1.o
 .bss.uxSchedulerSuspended
                0x00800831        0x1 FreeRTOS_Source/source/tasks.o
 .bss.xIdleTaskHandle
                0x00800832        0x2 FreeRTOS_Source/source/tasks.o
 .bss.xNextTaskUnblockTime
                0x00800834        0x2 FreeRTOS_Source/source/tasks.o
 .bss.uxTaskNumber
                0x00800836        0x1 FreeRTOS_Source/source/tasks.o
 .bss.xNumOfOverflows
                0x00800837        0x1 FreeRTOS_Source/source/tasks.o
 .bss.xYieldPending
                0x00800838        0x1 FreeRTOS_Source/source/tasks.o
 .bss.uxPendedTicks
                0x00800839        0x1 FreeRTOS_Source/source/tasks.o
 .bss.xSchedulerRunning
                0x0080083a        0x1 FreeRTOS_Source/source/tasks.o
 .bss.uxTopReadyPriority
                0x0080083b        0x1 FreeRTOS_Source/source/tasks.o
 .bss.xTickCount
                0x0080083c        0x2 FreeRTOS_Source/source/tasks.o
 .bss.uxCurrentNumberOfTasks
                0x0080083e        0x1 FreeRTOS_Source/source/tasks.o
 .bss.xSuspendedTaskList
                0x0080083f        0x9 FreeRTOS_Source/source/tasks.o
 .bss.uxDeletedTasksWaitingCleanUp
                0x00800848        0x1 FreeRTOS_Source/source/tasks.o
 .bss.xTasksWaitingTermination
                0x00800849        0x9 FreeRTOS_Source/source/tasks.o
 .bss.xPendingReadyList
                0x00800852        0x9 FreeRTOS_Source/source/tasks.o
 .bss.pxOverflowDelayedTaskList
                0x0080085b        0x2 FreeRTOS_Source/source/tasks.o
 .bss.pxDelayedTaskList
                0x0080085d        0x2 FreeRTOS_Source/source/tasks.o
 .bss.xDelayedTaskList2
                0x0080085f        0x9 FreeRTOS_Source/source/tasks.o
 .bss.xDelayedTaskList1
                0x00800868        0x9 FreeRTOS_Source/source/tasks.o
 .bss.pxReadyTasksLists
                0x00800871       0x24 FreeRTOS_Source/source/tasks.o
 .bss.pxCurrentTCB
                0x00800895        0x2 FreeRTOS_Source/source/tasks.o
                0x00800895                pxCurrentTCB
 .bss.xMonitor  0x00800897        0x2 Blink_LEDs_Tasks.o
                0x00800897                xMonitor
 .bss.xMalProg  0x00800899        0x2 Blink_LEDs_Tasks.o
                0x00800899                xMalProg
 *(COMMON)
                0x0080089b                PROVIDE (__bss_end, .)
                0x00001678                __data_load_start = LOADADDR (.data)
                0x000017c4                __data_load_end = (__data_load_start + SIZEOF (.data))

.noinit         0x0080089b        0x0
                [!provide]                PROVIDE (__noinit_start, .)
 *(.noinit*)
                [!provide]                PROVIDE (__noinit_end, .)
                0x0080089b                _end = .
                [!provide]                PROVIDE (__heap_start, .)

.eeprom         0x00810000        0x0
 *(.eeprom*)
                0x00810000                __eeprom_end = .

.fuse
 *(.fuse)
 *(.lfuse)
 *(.hfuse)
 *(.efuse)

.lock
 *(.lock*)

.signature
 *(.signature*)

.user_signatures
 *(.user_signatures*)

.stab
 *(.stab)

.stabstr
 *(.stabstr)

.stab.excl
 *(.stab.excl)

.stab.exclstr
 *(.stab.exclstr)

.stab.index
 *(.stab.index)

.stab.indexstr
 *(.stab.indexstr)

.comment        0x00000000       0x5c
 *(.comment)
 .comment       0x00000000       0x30 FreeRTOS_Source/source/list.o
                                 0x31 (size before relaxing)
 .comment       0x00000030       0x31 FreeRTOS_Source/source/portable/heap_1.o
 .comment       0x00000030       0x31 FreeRTOS_Source/source/portable/port.o
 .comment       0x00000030       0x31 FreeRTOS_Source/source/tasks.o
 .comment       0x00000030       0x31 Blink_LEDs_Tasks.o
 .comment       0x00000030       0x31 c:/program files (x86)/atmel/studio/7.0/toolchain/avr8/avr8-gnu-toolchain/bin/../lib/gcc/avr/5.4.0/../../../../avr/lib/avr5\libc.a(rand.o)
 .comment       0x00000030       0x31 c:/program files (x86)/atmel/studio/7.0/toolchain/avr8/avr8-gnu-toolchain/bin/../lib/gcc/avr/5.4.0/../../../../avr/lib/avr5\libc.a(sprintf.o)
 .comment       0x00000030       0x2c c:/program files (x86)/atmel/studio/7.0/toolchain/avr8/avr8-gnu-toolchain/bin/../lib/gcc/avr/5.4.0/../../../../avr/lib/avr5\libc.a(vfprintf_std.o)
                                 0x2d (size before relaxing)
 .comment       0x0000005c       0x31 c:/program files (x86)/atmel/studio/7.0/toolchain/avr8/avr8-gnu-toolchain/bin/../lib/gcc/avr/5.4.0/../../../../avr/lib/avr5\libc.a(fputc.o)

.note.gnu.avr.deviceinfo
                0x00000000       0x40
 .note.gnu.avr.deviceinfo
                0x00000000       0x40 C:/Program Files (x86)/Atmel/Studio/7.0/Packs/atmel/ATmega_DFP/1.0.106/gcc/dev/atmega328p/avr5/crtatmega328p.o

.note.gnu.build-id
 *(.note.gnu.build-id)

.debug
 *(.debug)

.line
 *(.line)

.debug_srcinfo
 *(.debug_srcinfo)

.debug_sfnames
 *(.debug_sfnames)

.debug_aranges  0x00000000      0x370
 *(.debug_aranges)
 .debug_aranges
                0x00000000       0x40 FreeRTOS_Source/source/list.o
 .debug_aranges
                0x00000040       0x38 FreeRTOS_Source/source/portable/heap_1.o
 .debug_aranges
                0x00000078       0x48 FreeRTOS_Source/source/portable/port.o
 .debug_aranges
                0x000000c0      0x1a0 FreeRTOS_Source/source/tasks.o
 .debug_aranges
                0x00000260      0x110 Blink_LEDs_Tasks.o

.debug_pubnames
 *(.debug_pubnames)

.debug_info     0x00000000     0x4392
 *(.debug_info .gnu.linkonce.wi.*)
 .debug_info    0x00000000      0x2cd FreeRTOS_Source/source/list.o
 .debug_info    0x000002cd      0x33e FreeRTOS_Source/source/portable/heap_1.o
 .debug_info    0x0000060b      0x242 FreeRTOS_Source/source/portable/port.o
 .debug_info    0x0000084d     0x2581 FreeRTOS_Source/source/tasks.o
 .debug_info    0x00002dce     0x15c4 Blink_LEDs_Tasks.o

.debug_abbrev   0x00000000      0xc01
 *(.debug_abbrev)
 .debug_abbrev  0x00000000       0xf8 FreeRTOS_Source/source/list.o
 .debug_abbrev  0x000000f8      0x1ba FreeRTOS_Source/source/portable/heap_1.o
 .debug_abbrev  0x000002b2      0x155 FreeRTOS_Source/source/portable/port.o
 .debug_abbrev  0x00000407      0x377 FreeRTOS_Source/source/tasks.o
 .debug_abbrev  0x0000077e      0x483 Blink_LEDs_Tasks.o

.debug_line     0x00000000     0x2674
 *(.debug_line .debug_line.* .debug_line_end)
 .debug_line    0x00000000      0x1fb FreeRTOS_Source/source/list.o
 .debug_line    0x000001fb      0x2b5 FreeRTOS_Source/source/portable/heap_1.o
 .debug_line    0x000004b0      0x2c1 FreeRTOS_Source/source/portable/port.o
 .debug_line    0x00000771     0x142a FreeRTOS_Source/source/tasks.o
 .debug_line    0x00001b9b      0xad9 Blink_LEDs_Tasks.o

.debug_frame    0x00000000      0xa24
 *(.debug_frame)
 .debug_frame   0x00000000       0x88 FreeRTOS_Source/source/list.o
 .debug_frame   0x00000088       0x7c FreeRTOS_Source/source/portable/heap_1.o
 .debug_frame   0x00000104       0x74 FreeRTOS_Source/source/portable/port.o
 .debug_frame   0x00000178      0x628 FreeRTOS_Source/source/tasks.o
 .debug_frame   0x000007a0      0x284 Blink_LEDs_Tasks.o

.debug_str      0x00000000     0x157e
 *(.debug_str)
 .debug_str     0x00000000      0x284 FreeRTOS_Source/source/list.o
                                0x2c3 (size before relaxing)
 .debug_str     0x00000284      0x197 FreeRTOS_Source/source/portable/heap_1.o
                                0x315 (size before relaxing)
 .debug_str     0x0000041b      0x133 FreeRTOS_Source/source/portable/port.o
                                0x2b9 (size before relaxing)
 .debug_str     0x0000054e      0xc34 FreeRTOS_Source/source/tasks.o
                                0xfd7 (size before relaxing)
 .debug_str     0x00001182      0x3fc Blink_LEDs_Tasks.o
                                0x636 (size before relaxing)

.debug_loc      0x00000000     0x3bd5
 *(.debug_loc)
 .debug_loc     0x00000000      0x145 FreeRTOS_Source/source/list.o
 .debug_loc     0x00000145      0x2ef FreeRTOS_Source/source/portable/heap_1.o
 .debug_loc     0x00000434      0x293 FreeRTOS_Source/source/portable/port.o
 .debug_loc     0x000006c7     0x2a9c FreeRTOS_Source/source/tasks.o
 .debug_loc     0x00003163      0xa72 Blink_LEDs_Tasks.o

.debug_macinfo
 *(.debug_macinfo)

.debug_weaknames
 *(.debug_weaknames)

.debug_funcnames
 *(.debug_funcnames)

.debug_typenames
 *(.debug_typenames)

.debug_varnames
 *(.debug_varnames)

.debug_pubtypes
 *(.debug_pubtypes)

.debug_ranges   0x00000000      0x3d0
 *(.debug_ranges)
 .debug_ranges  0x00000000       0x30 FreeRTOS_Source/source/list.o
 .debug_ranges  0x00000030       0x28 FreeRTOS_Source/source/portable/heap_1.o
 .debug_ranges  0x00000058       0x38 FreeRTOS_Source/source/portable/port.o
 .debug_ranges  0x00000090      0x208 FreeRTOS_Source/source/tasks.o
 .debug_ranges  0x00000298      0x138 Blink_LEDs_Tasks.o

.debug_macro
 *(.debug_macro)
OUTPUT(Blink_LEDs_Tasks.elf elf32-avr)
LOAD linker stubs
